#
# A fatal error has been detected by the Java Runtime Environment:
#
#  EXCEPTION_ACCESS_VIOLATION (0xc0000005) at pc=0x00007fff538a66f0, pid=10444, tid=5500
#
# JRE version: Java(TM) SE Runtime Environment (25.0.1+8) (build 25.0.1+8-LTS-27)
# Java VM: Java HotSpot(TM) 64-Bit Server VM (25.0.1+8-LTS-27, mixed mode, sharing, tiered, compressed oops, compressed class ptrs, g1 gc, windows-amd64)
# Problematic frame:
# C  [glass.dll+0x266f0]
#
# No core dump will be written. Minidumps are not enabled by default on client versions of Windows
#
# If you would like to submit a bug report, please visit:
#   https://bugreport.java.com/bugreport/crash.jsp
#

---------------  S U M M A R Y ------------

Command Line: -javaagent:C:\Program Files\JetBrains\IntelliJ IDEA 2025.3\lib\idea_rt.jar=55528 -Dfile.encoding=UTF-8 -Dsun.stdout.encoding=UTF-8 -Dsun.stderr.encoding=UTF-8 --module-path=C:\Users\sebas\.m2\repository\org\kordamp\ikonli\ikonli-core\12.4.0\ikonli-core-12.4.0.jar;C:\Users\sebas\.m2\repository\org\openjfx\javafx-controls\13\javafx-controls-13-win.jar;C:\Users\sebas\.m2\repository\com\opencsv\opencsv\5.9\opencsv-5.9.jar;C:\Users\sebas\.m2\repository\com\itextpdf\layout\8.0.5\layout-8.0.5.jar;C:\Users\sebas\.m2\repository\com\itextpdf\io\8.0.5\io-8.0.5.jar;C:\Users\sebas\.m2\repository\org\kordamp\ikonli\ikonli-fontawesome5-pack\12.4.0\ikonli-fontawesome5-pack-12.4.0.jar;C:\Users\sebas\.m2\repository\com\itextpdf\kernel\8.0.5\kernel-8.0.5.jar;C:\Users\sebas\Documents\4to semestre\Programación de aplicaciones de escritorio\sistemapizzeria\target\classes;C:\Users\sebas\.m2\repository\org\openjfx\javafx-base\13\javafx-base-13-win.jar;C:\Users\sebas\.m2\repository\org\openjfx\javafx-graphics\13\javafx-graphics-13-win.jar;C:\Users\sebas\.m2\repository\org\openjfx\javafx-fxml\13\javafx-fxml-13-win.jar;C:\Users\sebas\.m2\repository\org\kordamp\ikonli\ikonli-javafx\12.4.0\ikonli-javafx-12.4.0.jar -Djdk.module.main=mx.uv.sistemapizzeria mx.uv.sistemapizzeria/mx.uv.sistemapizzeria.SistemaPizzeria

Host: AMD Ryzen 9 270 w/ Radeon 780M Graphics, 16 cores, 15G,  Windows 11 , 64 bit Build 26100 (10.0.26100.8328)
Time: Sat May 30 11:19:50 2026 Hora estándar central (México) elapsed time: 400.218512 seconds (0d 0h 6m 40s)

---------------  T H R E A D  ---------------

Current thread (0x000001fac1c6c930):  VMThread "VM Thread"          [id=5500, stack(0x000000c734900000,0x000000c734a00000) (1024K)]

Stack: [0x000000c734900000,0x000000c734a00000],  sp=0x000000c7349feaa0,  free space=1018k
Native frames: (J=compiled Java code, j=interpreted, Vv=VM code, C=native code)
C  [glass.dll+0x266f0]  (no source info available)
C  [ucrtbase.dll+0x4bc75]  (no source info available)
C  [ucrtbase.dll+0x4b897]  (no source info available)
C  [ucrtbase.dll+0x4b84d]  (no source info available)
C  [glass.dll+0x23a12]  (no source info available)
C  [glass.dll+0x23b38]  (no source info available)
C  [ntdll.dll+0x15f98a]  (no source info available)
C  [ntdll.dll+0x12d23]  (no source info available)
C  [ntdll.dll+0x2cef]  (no source info available)
C  [ntdll.dll+0x43be]  (no source info available)
C  [KERNEL32.DLL+0x417fb]  (no source info available)
C  [ucrtbase.dll+0xa00b3]  (no source info available)
V  [jvm.dll+0x79eb3a]  (no source info available)
V  [jvm.dll+0x79f001]  (no source info available)
V  [jvm.dll+0x79eb20]  (no source info available)
V  [jvm.dll+0x47a184]  (no source info available)
V  [jvm.dll+0x96f091]  (no source info available)
V  [jvm.dll+0x9703ad]  (no source info available)
V  [jvm.dll+0x970929]  (no source info available)
V  [jvm.dll+0x970bd3]  (no source info available)
V  [jvm.dll+0x906a0d]  (no source info available)
V  [jvm.dll+0x7a5135]  (no source info available)
C  [ucrtbase.dll+0x37b0]  (no source info available)
C  [KERNEL32.DLL+0x2e957]  (no source info available)
C  [ntdll.dll+0x427c]  (no source info available)


siginfo: EXCEPTION_ACCESS_VIOLATION (0xc0000005), reading address 0x0000000000000000


Registers:
RAX=0x0000000000000000, RBX=0x000001fac1c7b95a, RCX=0x000001fac1c6c930, RDX=0x000000c7349feaa0
RSP=0x000000c7349feaa0, RBP=0x0000b47006cca868, RSI=0x000001fac76df488, RDI=0x000001fac76df460
R8 =0x0000000000010002, R9 =0x0000b47006cca868, R10=0x000001faa0010000, R11=0x000000c7349feb98
R12=0x000000007ffe0385, R13=0x0000000000000001, R14=0x000000c7349febb8, R15=0x000001fac76df460
RIP=0x00007fff538a66f0, EFLAGS=0x0000000000010202

XMM[0]=0x0000000000000000 0x0000000000000000
XMM[1]=0x0000000000000000 0x0000000000000000
XMM[2]=0x0000000000000000 0x0000000000000000
XMM[3]=0x0000000000000000 0x0000000000000000
XMM[4]=0x0000000000000000 0x0000000000000000
XMM[5]=0x0000000000000000 0x0000000000000000
XMM[6]=0x0000000000000000 0x0000000000000000
XMM[7]=0x0000000000000000 0x0000000000000000
XMM[8]=0x0000000000000000 0x404e000000000000
XMM[9]=0x0000000000000000 0x0000000000000000
XMM[10]=0x0000000000000000 0x0000000000000000
XMM[11]=0x0000000000000000 0x0000000000000000
XMM[12]=0x0000000000000000 0x0000000000000000
XMM[13]=0x0000000000000000 0x0000000000000000
XMM[14]=0x0000000000000000 0x0000000000000000
XMM[15]=0x0000000000000000 0x0000000000000000
  MXCSR=0x00001fa0


Register to memory mapping:

RAX=0x0 is null
RBX=0x000001fac1c7b95a is a global jni handle
RCX=0x000001fac1c6c930 points into unknown readable memory: 0x00007ffeea65e3a0 | a0 e3 65 ea fe 7f 00 00
RDX=0x000000c7349feaa0 points into unknown readable memory: 0x0000000000000000 | 00 00 00 00 00 00 00 00
RSP=0x000000c7349feaa0 points into unknown readable memory: 0x0000000000000000 | 00 00 00 00 00 00 00 00
RBP=0x0000b47006cca868 is an unknown value
RSI=0x000001fac76df488 points into unknown readable memory: 0x0000b47006cca868 | 68 a8 cc 06 70 b4 00 00
RDI=0x000001fac76df460 points into unknown readable memory: 0x8a36d87006b3573b | 3b 57 b3 06 70 d8 36 8a
R8 =0x0000000000010002 is an unknown value
R9 =0x0000b47006cca868 is an unknown value
R10=0x000001faa0010000 points into unknown readable memory: 0x0000000000000000 | 00 00 00 00 00 00 00 00
R11=0x000000c7349feb98 points into unknown readable memory: 0x00007fff538a3a12 | 12 3a 8a 53 ff 7f 00 00
R12=0x000000007ffe0385 points into unknown readable memory: 00 00 00
R13=0x0000000000000001 is an unknown value
R14=0x000000c7349febb8 points into unknown readable memory: 0x000000c7349feba0 | a0 eb 9f 34 c7 00 00 00
R15=0x000001fac76df460 points into unknown readable memory: 0x8a36d87006b3573b | 3b 57 b3 06 70 d8 36 8a

Top of Stack: (sp=0x000000c7349feaa0)
0x000000c7349feaa0:   0000000000000000 00007fff7612e0fb   ...........v....
0x000000c7349feab0:   000001fa9ff10000 000001fa00000000   ................
0x000000c7349feac0:   fffffffffffffffe 000000007ffe0385   ................
0x000000c7349fead0:   000001fac76df468 00007fff7615bc75   h.m.....u..v....
0x000000c7349feae0:   000001fac76df470 000001fa00000000   p.m.............
0x000000c7349feaf0:   000001fac76df480 0000b47006cca868   ..m.....h...p...
0x000000c7349feb00:   fffffffffffffffe 00007fff54a50000   ...........T....
0x000000c7349feb10:   00007fff53880000 00007fff53880000   ...S.......S....
0x000000c7349feb20:   000000c7349feba8 00007fff7615b897   ...4.......v....
0x000000c7349feb30:   000000c7349feb00 000000c7349febb8   ...4.......4....
0x000000c7349feb40:   000000c7349ff0f0 00007fff762488c0   ...4......$v....
0x000000c7349feb50:   0000000000000000 00007fff7615b84d   ........M..v....
0x000000c7349feb60:   0000000000000000 0000000000000001   ................
0x000000c7349feb70:   000000c70000000d 000000c7349feba8   ...........4....
0x000000c7349feb80:   fffffffffffffffe 00007fff71ced72f   ......../..q....
0x000000c7349feb90:   0000000000000000 00007fff538a3a12   .........:.S....
0x000000c7349feba0:   00007fff538bd118 000000c700000002   ...S............
0x000000c7349febb0:   0000000000000002 000000c7349feba0   ...........4....
0x000000c7349febc0:   0000000000000000 00007fff538a3b38   ........8;.S....
0x000000c7349febd0:   0000000000000001 000000007ffe0300   ................
0x000000c7349febe0:   0000000000000001 0000812523899f8d   ...........#%...
0x000000c7349febf0:   000000c7349ff0f0 00007fff74e111fe   ...4.......t....
0x000000c7349fec00:   0000000000000001 0000000000000000   ................
0x000000c7349fec10:   0000000000000000 00007fff538a3b84   .........;.S....
0x000000c7349fec20:   0000000000000001 00007fff78f3f98a   ...........x....
0x000000c7349fec30:   00007fff53880000 0000000000000000   ...S............
0x000000c7349fec40:   0000000000000001 000000007ffe0384   ................
0x000000c7349fec50:   0000000000000000 00007fff78df2d23   ........#-.x....
0x000000c7349fec60:   0000000000000000 000001fa9ff10700   ................
0x000000c7349fec70:   000000000000008d 0000000000000000   ................
0x000000c7349fec80:   0000000000000000 0000000000000000   ................
0x000000c7349fec90:   0000000000000000 ffff076400000000   ............d...

Instructions: (pc=0x00007fff538a66f0)
  0x00007fff538a65f0:   8b 4d 60 e8 98 c9 ff ff 48 8b 55 68 48 8b 8d 08
  0x00007fff538a6600:   01 00 00 e8 49 be ff ff 33 d2 33 c9 e8 49 de ff
  0x00007fff538a6610:   ff 90 cc cc cc cc cc cc cc cc cc cc cc cc cc cc
  0x00007fff538a6620:   48 8d 8a 80 00 00 00 e9 14 e9 fe ff 48 89 54 24
  0x00007fff538a6630:   10 55 48 83 ec 20 48 8b ea 48 8d 05 dd ca ff ff
  0x00007fff538a6640:   48 83 c4 20 5d c3 cc 40 55 48 8b ea 48 8b 01 33
  0x00007fff538a6650:   c9 81 38 05 00 00 c0 0f 94 c1 8b c1 5d c3 cc 40
  0x00007fff538a6660:   55 48 83 ec 20 48 8b ea 8a 4d 40 48 83 c4 20 5d
  0x00007fff538a6670:   e9 df cd ff ff cc 40 55 48 83 ec 20 48 8b ea e8
  0x00007fff538a6680:   fc cb ff ff 8a 4d 38 48 83 c4 20 5d e9 c3 cd ff
  0x00007fff538a6690:   ff cc 40 55 48 83 ec 30 48 8b ea 48 8b 01 8b 10
  0x00007fff538a66a0:   48 89 4c 24 28 89 54 24 20 4c 8d 0d a4 d1 ff ff
  0x00007fff538a66b0:   4c 8b 45 70 8b 55 68 48 8b 4d 60 e8 30 cb ff ff
  0x00007fff538a66c0:   90 48 83 c4 30 5d c3 cc cc cc cc cc cc cc cc cc
  0x00007fff538a66d0:   40 53 48 83 ec 30 48 c7 44 24 20 fe ff ff ff 48
  0x00007fff538a66e0:   8b 1d 2a 64 01 00 48 85 db 74 16 e8 90 85 ff ff
=>0x00007fff538a66f0:   4c 8b 00 48 8b d3 48 8b c8 41 ff 90 b0 00 00 00
  0x00007fff538a6700:   90 48 83 c4 30 5b c3 cc cc cc cc cc cc cc cc cc
  0x00007fff538a6710:   40 53 48 83 ec 20 48 8b 1d 9b 65 01 00 48 85 db
  0x00007fff538a6720:   74 57 b8 ff ff ff ff f0 0f c1 43 10 83 f8 01 75
  0x00007fff538a6730:   3d 48 85 db 74 38 48 8b 0b 48 85 c9 74 0d ff 15
  0x00007fff538a6740:   64 0b 00 00 48 c7 03 00 00 00 00 48 8b 4b 08 48
  0x00007fff538a6750:   85 c9 74 0d e8 37 c8 ff ff 48 c7 43 08 00 00 00
  0x00007fff538a6760:   00 ba 18 00 00 00 48 8b cb e8 22 c8 ff ff 48 c7
  0x00007fff538a6770:   05 3f 65 01 00 00 00 00 00 48 83 c4 20 5b c3 cc
  0x00007fff538a6780:   40 53 48 83 ec 20 48 8b 1d 0b 65 01 00 48 85 db
  0x00007fff538a6790:   74 57 b8 ff ff ff ff f0 0f c1 43 10 83 f8 01 75
  0x00007fff538a67a0:   3d 48 85 db 74 38 48 8b 0b 48 85 c9 74 0d ff 15
  0x00007fff538a67b0:   f4 0a 00 00 48 c7 03 00 00 00 00 48 8b 4b 08 48
  0x00007fff538a67c0:   85 c9 74 0d e8 c7 c7 ff ff 48 c7 43 08 00 00 00
  0x00007fff538a67d0:   00 ba 18 00 00 00 48 8b cb e8 b2 c7 ff ff 48 c7
  0x00007fff538a67e0:   05 af 64 01 00 00 00 00 00 48 83 c4 20 5b c3 cc


Stack slot to memory mapping:

stack at sp + 0 slots: 0x0 is null
stack at sp + 1 slots: 0x00007fff7612e0fb ucrtbase.dll
stack at sp + 2 slots: 0x000001fa9ff10000 points into unknown readable memory: 0x0000000000000000 | 00 00 00 00 00 00 00 00
stack at sp + 3 slots: 0x000001fa00000000 is an unknown value
stack at sp + 4 slots: 0xfffffffffffffffe is an unknown value
stack at sp + 5 slots: 0x000000007ffe0385 points into unknown readable memory: 00 00 00
stack at sp + 6 slots: 0x000001fac76df468 points into unknown readable memory: 0x0000b47006cca868 | 68 a8 cc 06 70 b4 00 00
stack at sp + 7 slots: 0x00007fff7615bc75 ucrtbase.dll

VM_Operation (0x000000c7352ff560): Exit, mode: safepoint, requested by thread 0x000001fad5f45750


---------------  P R O C E S S  ---------------

Threads class SMR info:
_java_thread_list=0x000001fac272bd30, length=21, elements={
0x000001fa9ff4b160, 0x000001fac1c80dd0, 0x000001fac1c816e0, 0x000001fac1c83670,
0x000001fac1c85610, 0x000001fac1c8c1f0, 0x000001fac1c8e540, 0x000001fac1c92560,
0x000001fac1cb7170, 0x000001fac1c8d5a0, 0x000001fac23dd030, 0x000001fac23dff10,
0x000001fac23e2620, 0x000001fac23e4560, 0x000001fac7721fe0, 0x000001fac7a94270,
0x000001fac23de7a0, 0x000001fad5f48630, 0x000001fad5f495d0, 0x000001fac7ed1580,
0x000001fad5f45750
}

Java Threads: ( => current thread )
  0x000001fa9ff4b160 JavaThread "main"                              [_thread_blocked, id=8280, stack(0x000000c734200000,0x000000c734300000) (1024K)]
  0x000001fac1c80dd0 JavaThread "Reference Handler"          daemon [_thread_blocked, id=21484, stack(0x000000c734a00000,0x000000c734b00000) (1024K)]
  0x000001fac1c816e0 JavaThread "Finalizer"                  daemon [_thread_blocked, id=1780, stack(0x000000c734b00000,0x000000c734c00000) (1024K)]
  0x000001fac1c83670 JavaThread "Signal Dispatcher"          daemon [_thread_blocked, id=9856, stack(0x000000c734c00000,0x000000c734d00000) (1024K)]
  0x000001fac1c85610 JavaThread "Attach Listener"            daemon [_thread_blocked, id=9144, stack(0x000000c734d00000,0x000000c734e00000) (1024K)]
  0x000001fac1c8c1f0 JavaThread "Service Thread"             daemon [_thread_blocked, id=8380, stack(0x000000c734e00000,0x000000c734f00000) (1024K)]
  0x000001fac1c8e540 JavaThread "Monitor Deflation Thread"   daemon [_thread_blocked, id=18864, stack(0x000000c734f00000,0x000000c735000000) (1024K)]
  0x000001fac1c92560 JavaThread "C2 CompilerThread0"         daemon [_thread_blocked, id=8688, stack(0x000000c735000000,0x000000c735100000) (1024K)]
  0x000001fac1cb7170 JavaThread "C1 CompilerThread0"         daemon [_thread_blocked, id=9636, stack(0x000000c735100000,0x000000c735200000) (1024K)]
  0x000001fac1c8d5a0 JavaThread "Common-Cleaner"             daemon [_thread_blocked, id=13516, stack(0x000000c735300000,0x000000c735400000) (1024K)]
  0x000001fac23dd030 JavaThread "Monitor Ctrl-Break"         daemon [_thread_in_native, id=3480, stack(0x000000c735a00000,0x000000c735b00000) (1024K)]
  0x000001fac23dff10 JavaThread "Notification Thread"        daemon [_thread_blocked, id=17996, stack(0x000000c735b00000,0x000000c735c00000) (1024K)]
  0x000001fac23e2620 JavaThread "QuantumRenderer-0"          daemon [_thread_blocked, id=1704, stack(0x000000c735c00000,0x000000c735d00000) (1024K)]
  0x000001fac23e4560 JavaThread "InvokeLaterDispatcher"      daemon [_thread_blocked, id=13788, stack(0x000000c735d00000,0x000000c735e00000) (1024K)]
  0x000001fac7721fe0 JavaThread "JavaFX Application Thread"         [_thread_in_native, id=3784, stack(0x000000c735e00000,0x000000c735f00000) (1024K)]
  0x000001fac7a94270 JavaThread "JavaFX-Launcher"                   [_thread_blocked, id=9472, stack(0x000000c735700000,0x000000c735800000) (1024K)]
  0x000001fac23de7a0 JavaThread "Thread-2"                   daemon [_thread_in_native, id=14528, stack(0x000000c735400000,0x000000c735500000) (1024K)]
  0x000001fad5f48630 JavaThread "Prism Font Disposer"        daemon [_thread_blocked, id=2616, stack(0x000000c737600000,0x000000c737700000) (1024K)]
  0x000001fad5f495d0 JavaThread "Cleaner-0"                  daemon [_thread_blocked, id=12872, stack(0x000000c737700000,0x000000c737800000) (1024K)]
  0x000001fac7ed1580 JavaThread "mysql-cj-abandoned-connection-cleanup" daemon [_thread_blocked, id=16232, stack(0x000000c735900000,0x000000c735a00000) (1024K)]
  0x000001fad5f45750 JavaThread "SIGINT handler"             daemon [_thread_blocked, id=8008, stack(0x000000c735200000,0x000000c735300000) (1024K)]
Total: 21

Other Threads:
=>0x000001fac1c6c930 VMThread "VM Thread"                           [id=5500, stack(0x000000c734900000,0x000000c734a00000) (1024K)]
  0x000001faa029c190 WorkerThread "GC Thread#0"                     [id=18936, stack(0x000000c734300000,0x000000c734400000) (1024K)]
  0x000001fac7f4e9f0 WorkerThread "GC Thread#1"                     [id=8368, stack(0x000000c736e00000,0x000000c736f00000) (1024K)]
  0x000001fac7f4f290 WorkerThread "GC Thread#2"                     [id=10600, stack(0x000000c736f00000,0x000000c737000000) (1024K)]
  0x000001fac7f4e150 WorkerThread "GC Thread#3"                     [id=6704, stack(0x000000c737000000,0x000000c737100000) (1024K)]
  0x000001fac7f4d010 WorkerThread "GC Thread#4"                     [id=2360, stack(0x000000c737100000,0x000000c737200000) (1024K)]
  0x000001fac7f4ee40 WorkerThread "GC Thread#5"                     [id=12632, stack(0x000000c737200000,0x000000c737300000) (1024K)]
  0x000001fac7f510c0 WorkerThread "GC Thread#6"                     [id=19424, stack(0x000000c737a00000,0x000000c737b00000) (1024K)]
  0x000001fac7f52ef0 WorkerThread "GC Thread#7"                     [id=19968, stack(0x000000c737b00000,0x000000c737c00000) (1024K)]
  0x000001fac7f52200 WorkerThread "GC Thread#8"                     [id=2084, stack(0x000000c737c00000,0x000000c737d00000) (1024K)]
  0x000001fac7f51960 WorkerThread "GC Thread#9"                     [id=8820, stack(0x000000c737d00000,0x000000c737e00000) (1024K)]
  0x000001fac7f52650 WorkerThread "GC Thread#10"                    [id=9764, stack(0x000000c737e00000,0x000000c737f00000) (1024K)]
  0x000001fac7f51db0 WorkerThread "GC Thread#11"                    [id=18948, stack(0x000000c737f00000,0x000000c738000000) (1024K)]
  0x000001fac2971a40 WorkerThread "GC Thread#12"                    [id=9424, stack(0x000000c738000000,0x000000c738100000) (1024K)]
  0x000001faa02b3f00 ConcurrentGCThread "G1 Main Marker"            terminated
  0x000001faa02b5790 WorkerThread "G1 Conc#0"                       [id=16584, stack(0x000000c734500000,0x000000c734600000) (1024K)]
  0x000001fac2972fd0 WorkerThread "G1 Conc#1"                       [id=8, stack(0x000000c738100000,0x000000c738200000) (1024K)]
  0x000001fac2971e90 WorkerThread "G1 Conc#2"                       [id=3236, stack(0x000000c738200000,0x000000c738300000) (1024K)]
  0x000001fac1b22870 ConcurrentGCThread "G1 Refine#0"               terminated
  0x000001fac1b23280 ConcurrentGCThread "G1 Service"                terminated
Total: 20

Threads with active compile tasks:
C2 CompilerThread0  400589 7334   !   4       sun.invoke.util.VerifyAccess::ensureTypeVisible (99 bytes)
Total: 1

VM state: at safepoint (shutting down)

VM Mutex/Monitor currently owned by a thread:  ([mutex/lock_event])
[0x00007ffeea8491e8] ThreadsLockThrottle_lock - owner thread: 0x000001fac1c83670
[0x00007ffeea8494e8] Threads_lock - owner thread: 0x000001fac1c6c930
[0x00007ffeea849668] Heap_lock - owner thread: 0x000001fad5f45750

Heap address: 0x000000070be00000, size: 3906 MB, Compressed Oops mode: Zero based, Oop shift amount: 3

CDS archive(s) mapped at: [0x000000002f000000-0x000000002fdd0000-0x000000002fdd0000), size 14483456, SharedBaseAddress: 0x000000002f000000, ArchiveRelocationMode: 1.
Compressed class space mapped at: 0x0000000030000000-0x0000000070000000, reserved size: 1073741824
UseCompressedClassPointers 1, UseCompactObjectHeaders 0
Narrow klass pointer bits 32, Max shift 3
Narrow klass base: 0x000000002f000000, Narrow klass shift: 0
Encoding Range: [0x000000002f000000 - 0x000000012f000000), (4294967296 bytes)
Klass Range:    [0x000000002f010000 - 0x0000000070000000), (1090453504 bytes)
Klass ID Range:  [65536 - 1090519033) (1090453497)
Protection zone: [0x000000002f000000 - 0x000000002f010000), (65536 bytes)

GC Precious Log:
 CardTable entry size: 512
 Card Set container configuration: InlinePtr #cards 4 size 8 Array Of Cards #cards 16 size 48 Howl #buckets 8 coarsen threshold 3686 Howl Bitmap #cards 512 size 80 coarsen threshold 460 Card regions per heap region 1 cards per card region 4096
 CPUs: 16 total, 16 available
 Memory: 15620M
 Large Page Support: Disabled
 NUMA Support: Disabled
 Compressed Oops: Enabled (Zero based)
 Heap Region Size: 2M
 Heap Min Capacity: 8M
 Heap Initial Capacity: 246M
 Heap Max Capacity: 3906M
 Pre-touch: Disabled
 Parallel Workers: 13
 Concurrent Workers: 3
 Concurrent Refinement Workers: 13
 Periodic GC: Disabled

Heap:
 garbage-first heap   total reserved 3999744K, committed 92160K, used 55071K [0x000000070be00000, 0x0000000800000000)
  region size 2048K, 11 young (22528K), 3 survivors (6144K)

Heap Regions: E=young(eden), S=young(survivor), O=old, HS=humongous(starts), HC=humongous(continues), CS=collection set, F=free, TAMS=top-at-mark-start, PB=parsable bottom
|   0|0x000000070be00000, 0x000000070c000000, 0x000000070c000000|100%| O|  |TAMS 0x000000070be00000| PB 0x000000070be00000| Untracked |  0
|   1|0x000000070c000000, 0x000000070c200000, 0x000000070c200000|100%| O|  |TAMS 0x000000070c000000| PB 0x000000070c000000| Untracked |  0
|   2|0x000000070c200000, 0x000000070c400000, 0x000000070c400000|100%| O|  |TAMS 0x000000070c200000| PB 0x000000070c200000| Untracked |  0
|   3|0x000000070c400000, 0x000000070c600000, 0x000000070c600000|100%|HS|  |TAMS 0x000000070c400000| PB 0x000000070c400000| Complete |  0
|   4|0x000000070c600000, 0x000000070c800000, 0x000000070c800000|100%|HS|  |TAMS 0x000000070c600000| PB 0x000000070c600000| Complete |  0
|   5|0x000000070c800000, 0x000000070ca00000, 0x000000070ca00000|100%|HC|  |TAMS 0x000000070c800000| PB 0x000000070c800000| Complete |  0
|   6|0x000000070ca00000, 0x000000070cc00000, 0x000000070cc00000|100%|HC|  |TAMS 0x000000070ca00000| PB 0x000000070ca00000| Complete |  0
|   7|0x000000070cc00000, 0x000000070ce00000, 0x000000070ce00000|100%|HS|  |TAMS 0x000000070cc00000| PB 0x000000070cc00000| Complete |  0
|   8|0x000000070ce00000, 0x000000070d000000, 0x000000070d000000|100%|HC|  |TAMS 0x000000070ce00000| PB 0x000000070ce00000| Complete |  0
|   9|0x000000070d000000, 0x000000070d200000, 0x000000070d200000|100%|HC|  |TAMS 0x000000070d000000| PB 0x000000070d000000| Complete |  0
|  10|0x000000070d200000, 0x000000070d400000, 0x000000070d400000|100%|HS|  |TAMS 0x000000070d200000| PB 0x000000070d200000| Complete |  0
|  11|0x000000070d400000, 0x000000070d600000, 0x000000070d600000|100%|HC|  |TAMS 0x000000070d400000| PB 0x000000070d400000| Complete |  0
|  12|0x000000070d600000, 0x000000070d800000, 0x000000070d800000|100%|HC|  |TAMS 0x000000070d600000| PB 0x000000070d600000| Complete |  0
|  13|0x000000070d800000, 0x000000070da00000, 0x000000070da00000|100%| O|  |TAMS 0x000000070d800000| PB 0x000000070d800000| Untracked |  0
|  14|0x000000070da00000, 0x000000070dc00000, 0x000000070dc00000|100%| O|  |TAMS 0x000000070da00000| PB 0x000000070da00000| Untracked |  0
|  15|0x000000070dc00000, 0x000000070de00000, 0x000000070de00000|100%| O|  |TAMS 0x000000070dc00000| PB 0x000000070dc00000| Untracked |  0
|  16|0x000000070de00000, 0x000000070dfc7f08, 0x000000070e000000| 89%| O|  |TAMS 0x000000070de00000| PB 0x000000070de00000| Untracked |  0
|  17|0x000000070e000000, 0x000000070e000000, 0x000000070e200000|  0%| F|  |TAMS 0x000000070e000000| PB 0x000000070e000000| Untracked |  0
|  18|0x000000070e200000, 0x000000070e400000, 0x000000070e400000|100%| S|CS|TAMS 0x000000070e200000| PB 0x000000070e200000| Complete |  0
|  19|0x000000070e400000, 0x000000070e600000, 0x000000070e600000|100%| S|CS|TAMS 0x000000070e400000| PB 0x000000070e400000| Complete |  0
|  20|0x000000070e600000, 0x000000070e800000, 0x000000070e800000|100%| S|CS|TAMS 0x000000070e600000| PB 0x000000070e600000| Complete |  0
|  21|0x000000070e800000, 0x000000070e800000, 0x000000070ea00000|  0%| F|  |TAMS 0x000000070e800000| PB 0x000000070e800000| Untracked |  0
|  22|0x000000070ea00000, 0x000000070ea00000, 0x000000070ec00000|  0%| F|  |TAMS 0x000000070ea00000| PB 0x000000070ea00000| Untracked |  0
|  23|0x000000070ec00000, 0x000000070ec00000, 0x000000070ee00000|  0%| F|  |TAMS 0x000000070ec00000| PB 0x000000070ec00000| Untracked |  0
|  24|0x000000070ee00000, 0x000000070ee00000, 0x000000070f000000|  0%| F|  |TAMS 0x000000070ee00000| PB 0x000000070ee00000| Untracked |  0
|  25|0x000000070f000000, 0x000000070f000000, 0x000000070f200000|  0%| F|  |TAMS 0x000000070f000000| PB 0x000000070f000000| Untracked |  0
|  26|0x000000070f200000, 0x000000070f200000, 0x000000070f400000|  0%| F|  |TAMS 0x000000070f200000| PB 0x000000070f200000| Untracked |  0
|  27|0x000000070f400000, 0x000000070f400000, 0x000000070f600000|  0%| F|  |TAMS 0x000000070f400000| PB 0x000000070f400000| Untracked |  0
|  28|0x000000070f600000, 0x000000070f600000, 0x000000070f800000|  0%| F|  |TAMS 0x000000070f600000| PB 0x000000070f600000| Untracked |  0
|  29|0x000000070f800000, 0x000000070f800000, 0x000000070fa00000|  0%| F|  |TAMS 0x000000070f800000| PB 0x000000070f800000| Untracked |  0
|  30|0x000000070fa00000, 0x000000070fa00000, 0x000000070fc00000|  0%| F|  |TAMS 0x000000070fa00000| PB 0x000000070fa00000| Untracked |  0
|  31|0x000000070fc00000, 0x000000070fc00000, 0x000000070fe00000|  0%| F|  |TAMS 0x000000070fc00000| PB 0x000000070fc00000| Untracked |  0
|  32|0x000000070fe00000, 0x000000070fe00000, 0x0000000710000000|  0%| F|  |TAMS 0x000000070fe00000| PB 0x000000070fe00000| Untracked |  0
|  33|0x0000000710000000, 0x0000000710000000, 0x0000000710200000|  0%| F|  |TAMS 0x0000000710000000| PB 0x0000000710000000| Untracked |  0
|  34|0x0000000710200000, 0x0000000710200000, 0x0000000710400000|  0%| F|  |TAMS 0x0000000710200000| PB 0x0000000710200000| Untracked |  0
|  35|0x0000000710400000, 0x0000000710400000, 0x0000000710600000|  0%| F|  |TAMS 0x0000000710400000| PB 0x0000000710400000| Untracked |  0
|  36|0x0000000710600000, 0x0000000710600000, 0x0000000710800000|  0%| F|  |TAMS 0x0000000710600000| PB 0x0000000710600000| Untracked |  0
|  86|0x0000000716a00000, 0x0000000716a39a18, 0x0000000716c00000| 11%| E|  |TAMS 0x0000000716a00000| PB 0x0000000716a00000| Complete |  0
|  87|0x0000000716c00000, 0x0000000716e00000, 0x0000000716e00000|100%| E|CS|TAMS 0x0000000716c00000| PB 0x0000000716c00000| Complete |  0
|  88|0x0000000716e00000, 0x0000000717000000, 0x0000000717000000|100%| E|CS|TAMS 0x0000000716e00000| PB 0x0000000716e00000| Complete |  0
|  89|0x0000000717000000, 0x0000000717200000, 0x0000000717200000|100%| E|CS|TAMS 0x0000000717000000| PB 0x0000000717000000| Complete |  0
|  90|0x0000000717200000, 0x0000000717400000, 0x0000000717400000|100%| E|CS|TAMS 0x0000000717200000| PB 0x0000000717200000| Complete |  0
|  91|0x0000000717400000, 0x0000000717600000, 0x0000000717600000|100%| E|CS|TAMS 0x0000000717400000| PB 0x0000000717400000| Complete |  0
| 122|0x000000071b200000, 0x000000071b400000, 0x000000071b400000|100%| E|CS|TAMS 0x000000071b200000| PB 0x000000071b200000| Complete |  0
|1952|0x00000007ffe00000, 0x0000000800000000, 0x0000000800000000|100%| E|CS|TAMS 0x00000007ffe00000| PB 0x00000007ffe00000| Complete |  0

Card table byte_map: [0x000001fabace0000,0x000001fabb490000] _byte_map_base: 0x000001fab7481000

Marking Bits: (CMBitMap*) 0x000001faa029c720
 Bits: [0x000001fabb490000, 0x000001fabf198000)

Polling page: 0x000001faa06a0000

Metaspace:
Metaspace        used 29900K, committed 30144K, reserved 1114112K
 class space     used 3541K, committed 3648K, reserved 1048576K

Usage:
  Non-class:     25.74 MB used.
      Class:      3.46 MB used.
       Both:     29.20 MB used.

Virtual space:
  Non-class space:       64.00 MB reserved,      25.88 MB ( 40%) committed,  1 nodes.
      Class space:        1.00 GB reserved,       3.56 MB ( <1%) committed,  1 nodes.
             Both:        1.06 GB reserved,      29.44 MB (  3%) committed. 

Chunk freelists:
   Non-Class:  5.77 MB
       Class:  12.44 MB
        Both:  18.21 MB

MaxMetaspaceSize: unlimited
CompressedClassSpaceSize: 1.00 GB
Initial GC threshold: 21.00 MB
Current GC threshold: 35.25 MB
CDS: on
 - commit_granule_bytes: 65536.
 - commit_granule_words: 8192.
 - virtual_space_node_default_size: 8388608.
 - enlarge_chunks_in_place: 1.
UseCompressedClassPointers 1, UseCompactObjectHeaders 0
Narrow klass pointer bits 32, Max shift 3
Narrow klass base: 0x000000002f000000, Narrow klass shift: 0
Encoding Range: [0x000000002f000000 - 0x000000012f000000), (4294967296 bytes)
Klass Range:    [0x000000002f010000 - 0x0000000070000000), (1090453504 bytes)
Klass ID Range:  [65536 - 1090519033) (1090453497)
Protection zone: [0x000000002f000000 - 0x000000002f010000), (65536 bytes)


Internal statistics:

num_allocs_failed_limit: 3.
num_arena_births: 340.
num_arena_deaths: 0.
num_vsnodes_births: 2.
num_vsnodes_deaths: 0.
num_space_committed: 471.
num_space_uncommitted: 0.
num_chunks_returned_to_freelist: 3.
num_chunks_taken_from_freelist: 1186.
num_chunk_merges: 0.
num_chunk_splits: 828.
num_chunks_enlarged: 639.
num_inconsistent_stats: 0.

CodeHeap 'non-profiled nmethods': size=119232Kb used=2633Kb max_used=2633Kb free=116598Kb
 bounds [0x000001fab2110000, 0x000001fab23b0000, 0x000001fab9580000]
CodeHeap 'profiled nmethods': size=119104Kb used=12718Kb max_used=12718Kb free=106385Kb
 bounds [0x000001faaa580000, 0x000001faab1f0000, 0x000001fab19d0000]
CodeHeap 'non-nmethods': size=7424Kb used=2084Kb max_used=3891Kb free=5339Kb
 bounds [0x000001fab19d0000, 0x000001fab1db0000, 0x000001fab2110000]
CodeCache: size=245760Kb, used=17435Kb, max_used=19242Kb, free=228322Kb
 total_blobs=8297, nmethods=7333, adapters=866, full_count=0
Compilation: enabled, stopped_count=0, restarted_count=0

Compilation events (20 events):
Event: 112.080 Thread 0x000001fac1cb7170 nmethod 7324 0x000001faab1e7788 code [0x000001faab1e7880, 0x000001faab1e79e0]
Event: 157.156 Thread 0x000001fac1c92560 7325       4       java.util.zip.ZipCoder::hash (36 bytes)
Event: 157.161 Thread 0x000001fac1c92560 nmethod 7325 0x000001fab239f608 code [0x000001fab239f700, 0x000001fab239fb98]
Event: 172.186 Thread 0x000001fac1c92560 7326   !   4       java.util.jar.JarFile::checkForSpecialAttributes (163 bytes)
Event: 172.190 Thread 0x000001fac1c92560 nmethod 7326 0x000001fab239fc08 code [0x000001fab239fd00, 0x000001fab23a0438]
Event: 252.302 Thread 0x000001fac1c92560 7327       4       java.util.zip.ZipFile$Source::getEntryPos (199 bytes)
Event: 252.319 Thread 0x000001fac1c92560 nmethod 7327 0x000001fab23a0488 code [0x000001fab23a0580, 0x000001fab23a12b8]
Event: 262.328 Thread 0x000001fac1c92560 7328       4       java.util.jar.JarFile::getEntry (35 bytes)
Event: 262.344 Thread 0x000001fac1c92560 nmethod 7328 0x000001fab23a1308 code [0x000001fab23a1400, 0x000001fab23a2420]
Event: 322.396 Thread 0x000001fac1cb7170 7329       3       java.util.ImmutableCollections$ListN::isEmpty (14 bytes)
Event: 322.396 Thread 0x000001fac1cb7170 nmethod 7329 0x000001faab1e7a88 code [0x000001faab1e7b80, 0x000001faab1e7ce8]
Event: 342.436 Thread 0x000001fac1cb7170 7330   !   3       jdk.internal.loader.BuiltinClassLoader::findMiscResource (203 bytes)
Event: 342.437 Thread 0x000001fac1cb7170 nmethod 7330 0x000001faab1e7d88 code [0x000001faab1e7e80, 0x000001faab1e9880]
Event: 392.497 Thread 0x000001fac1cb7170 7331   !   3       jdk.internal.loader.BuiltinClassLoader::findResource (144 bytes)
Event: 392.499 Thread 0x000001fac1cb7170 nmethod 7331 0x000001faab1e9888 code [0x000001faab1e9980, 0x000001faab1eb430]
Event: 392.499 Thread 0x000001fac1cb7170 7332       3       jdk.internal.loader.BuiltinClassLoader::findResourceOnClassPath (18 bytes)
Event: 392.499 Thread 0x000001fac1cb7170 nmethod 7332 0x000001faab1eb488 code [0x000001faab1eb580, 0x000001faab1eb858]
Event: 399.844 Thread 0x000001fac1cb7170 7333       1       java.util.logging.LogManager$LoggerContext::getOwner (5 bytes)
Event: 399.844 Thread 0x000001fac1cb7170 nmethod 7333 0x000001fab23a2488 code [0x000001fab23a2580, 0x000001fab23a2648]
Event: 399.847 Thread 0x000001fac1c92560 7334   !   4       sun.invoke.util.VerifyAccess::ensureTypeVisible (99 bytes)

GC Heap Usage History (8 events):
Event: 0.828 {heap Before GC invocations=0 (full 0):
 garbage-first heap   total reserved 3999744K, committed 253952K, used 48277K [0x000000070be00000, 0x0000000800000000)
  region size 2048K, 24 young (49152K), 0 survivors (0K)
}
Event: 0.834 {heap After GC invocations=1 (full 0):
 garbage-first heap   total reserved 3999744K, committed 253952K, used 6794K [0x000000070be00000, 0x0000000800000000)
  region size 2048K, 3 young (6144K), 3 survivors (6144K)
}
Event: 13.957 {heap Before GC invocations=1 (full 0):
 garbage-first heap   total reserved 3999744K, committed 253952K, used 70282K [0x000000070be00000, 0x0000000800000000)
  region size 2048K, 31 young (63488K), 3 survivors (6144K)
}
Event: 13.966 {heap After GC invocations=2 (full 0):
 garbage-first heap   total reserved 3999744K, committed 253952K, used 19853K [0x000000070be00000, 0x0000000800000000)
  region size 2048K, 6 young (12288K), 6 survivors (12288K)
}
Event: 17.913 {heap Before GC invocations=3 (full 0):
 garbage-first heap   total reserved 3999744K, committed 75776K, used 73101K [0x000000070be00000, 0x0000000800000000)
  region size 2048K, 23 young (47104K), 6 survivors (12288K)
}
Event: 17.924 {heap After GC invocations=4 (full 0):
 garbage-first heap   total reserved 3999744K, committed 92160K, used 36208K [0x000000070be00000, 0x0000000800000000)
  region size 2048K, 8 young (16384K), 8 survivors (16384K)
}
Event: 21.950 {heap Before GC invocations=4 (full 0):
 garbage-first heap   total reserved 3999744K, committed 92160K, used 66928K [0x000000070be00000, 0x0000000800000000)
  region size 2048K, 23 young (47104K), 8 survivors (16384K)
}
Event: 21.978 {heap After GC invocations=5 (full 0):
 garbage-first heap   total reserved 3999744K, committed 92160K, used 40735K [0x000000070be00000, 0x0000000800000000)
  region size 2048K, 3 young (6144K), 3 survivors (6144K)
}

Metaspace Usage History (8 events):
Event: 0.828 {metaspace Before GC invocations=0 (full 0):
 Metaspace       used 9170K, committed 9408K, reserved 1114112K
  class space    used 942K, committed 1024K, reserved 1048576K
}
Event: 0.834 {metaspace After GC invocations=1 (full 0):
 Metaspace       used 9170K, committed 9408K, reserved 1114112K
  class space    used 942K, committed 1024K, reserved 1048576K
}
Event: 13.957 {metaspace Before GC invocations=1 (full 0):
 Metaspace       used 21238K, committed 21504K, reserved 1114112K
  class space    used 2434K, committed 2560K, reserved 1048576K
}
Event: 13.966 {metaspace After GC invocations=2 (full 0):
 Metaspace       used 21238K, committed 21504K, reserved 1114112K
  class space    used 2434K, committed 2560K, reserved 1048576K
}
Event: 17.913 {metaspace Before GC invocations=3 (full 0):
 Metaspace       used 27304K, committed 27584K, reserved 1114112K
  class space    used 3220K, committed 3328K, reserved 1048576K
}
Event: 17.924 {metaspace After GC invocations=4 (full 0):
 Metaspace       used 27304K, committed 27584K, reserved 1114112K
  class space    used 3220K, committed 3328K, reserved 1048576K
}
Event: 21.950 {metaspace Before GC invocations=4 (full 0):
 Metaspace       used 29282K, committed 29568K, reserved 1114112K
  class space    used 3504K, committed 3648K, reserved 1048576K
}
Event: 21.978 {metaspace After GC invocations=5 (full 0):
 Metaspace       used 29282K, committed 29568K, reserved 1114112K
  class space    used 3504K, committed 3648K, reserved 1048576K
}

Dll operation events (20 events):
Event: 0.313 Loaded shared library C:\Users\sebas\.openjfx\cache\13\api-ms-win-crt-heap-l1-1-0.dll
Event: 0.316 Loaded shared library C:\Users\sebas\.openjfx\cache\13\api-ms-win-crt-locale-l1-1-0.dll
Event: 0.318 Loaded shared library C:\Users\sebas\.openjfx\cache\13\api-ms-win-crt-math-l1-1-0.dll
Event: 0.320 Loaded shared library C:\Users\sebas\.openjfx\cache\13\api-ms-win-crt-multibyte-l1-1-0.dll
Event: 0.322 Loaded shared library C:\Users\sebas\.openjfx\cache\13\api-ms-win-crt-private-l1-1-0.dll
Event: 0.324 Loaded shared library C:\Users\sebas\.openjfx\cache\13\api-ms-win-crt-process-l1-1-0.dll
Event: 0.326 Loaded shared library C:\Users\sebas\.openjfx\cache\13\api-ms-win-crt-runtime-l1-1-0.dll
Event: 0.328 Loaded shared library C:\Users\sebas\.openjfx\cache\13\api-ms-win-crt-stdio-l1-1-0.dll
Event: 0.330 Loaded shared library C:\Users\sebas\.openjfx\cache\13\api-ms-win-crt-string-l1-1-0.dll
Event: 0.332 Loaded shared library C:\Users\sebas\.openjfx\cache\13\api-ms-win-crt-time-l1-1-0.dll
Event: 0.333 Loaded shared library C:\Users\sebas\.openjfx\cache\13\api-ms-win-crt-utility-l1-1-0.dll
Event: 0.344 Loaded shared library C:\Users\sebas\.openjfx\cache\13\ucrtbase.dll
Event: 0.347 Loaded shared library C:\Users\sebas\.openjfx\cache\13\vcruntime140.dll
Event: 0.354 Loaded shared library C:\Users\sebas\.openjfx\cache\13\msvcp140.dll
Event: 0.359 Loaded shared library C:\Users\sebas\.openjfx\cache\13\concrt140.dll
Event: 0.389 Loaded shared library C:\Users\sebas\.openjfx\cache\13\prism_d3d.dll
Event: 0.432 Loaded shared library C:\Users\sebas\.openjfx\cache\13\glass.dll
Event: 0.588 Loaded shared library C:\Program Files\Java\jdk-25\bin\jimage.dll
Event: 0.742 Loaded shared library C:\Users\sebas\.openjfx\cache\13\javafx_font.dll
Event: 13.949 Loaded shared library C:\Program Files\Java\jdk-25\bin\sunmscapi.dll

Deoptimization events (20 events):
Event: 26.348 Thread 0x000001fac7721fe0 Uncommon trap: trap_request=0xffffff45 fr.pc=0x000001fab2353348 relative=0x00000000000007c8
Event: 26.348 Thread 0x000001fac7721fe0 Uncommon trap: reason=unstable_if action=reinterpret pc=0x000001fab2353348 method=javafx.scene.Parent.getOrderedChildren()Ljava/util/List; @ 7 c2
Event: 26.348 Thread 0x000001fac7721fe0 DEOPT PACKING pc=0x000001fab2353348 sp=0x000000c735ef6b90
Event: 26.348 Thread 0x000001fac7721fe0 DEOPT UNPACKING pc=0x000001fab1aff482 sp=0x000000c735ef69d0 mode 2
Event: 26.853 Thread 0x000001fac7721fe0 Uncommon trap: trap_request=0xffffffd6 fr.pc=0x000001fab2396284 relative=0x0000000000000484
Event: 26.853 Thread 0x000001fac7721fe0 Uncommon trap: reason=array_check action=maybe_recompile pc=0x000001fab2396284 method=com.sun.javafx.event.EventDispatchChainImpl.prepend(Ljavafx/event/EventDispatcher;)Ljavafx/event/EventDispatchChain; @ 33 c2
Event: 26.853 Thread 0x000001fac7721fe0 DEOPT PACKING pc=0x000001fab2396284 sp=0x000000c735ef6cd0
Event: 26.853 Thread 0x000001fac7721fe0 DEOPT UNPACKING pc=0x000001fab1aff482 sp=0x000000c735ef6c70 mode 2
Event: 26.853 Thread 0x000001fac7721fe0 Uncommon trap: trap_request=0xffffffd6 fr.pc=0x000001fab2396284 relative=0x0000000000000484
Event: 26.853 Thread 0x000001fac7721fe0 Uncommon trap: reason=array_check action=maybe_recompile pc=0x000001fab2396284 method=com.sun.javafx.event.EventDispatchChainImpl.prepend(Ljavafx/event/EventDispatcher;)Ljavafx/event/EventDispatchChain; @ 33 c2
Event: 26.853 Thread 0x000001fac7721fe0 DEOPT PACKING pc=0x000001fab2396284 sp=0x000000c735ef6cd0
Event: 26.853 Thread 0x000001fac7721fe0 DEOPT UNPACKING pc=0x000001fab1aff482 sp=0x000000c735ef6c70 mode 2
Event: 26.853 Thread 0x000001fac7721fe0 Uncommon trap: trap_request=0xffffffd6 fr.pc=0x000001fab2396284 relative=0x0000000000000484
Event: 26.853 Thread 0x000001fac7721fe0 Uncommon trap: reason=array_check action=maybe_recompile pc=0x000001fab2396284 method=com.sun.javafx.event.EventDispatchChainImpl.prepend(Ljavafx/event/EventDispatcher;)Ljavafx/event/EventDispatchChain; @ 33 c2
Event: 26.853 Thread 0x000001fac7721fe0 DEOPT PACKING pc=0x000001fab2396284 sp=0x000000c735ef6cd0
Event: 26.853 Thread 0x000001fac7721fe0 DEOPT UNPACKING pc=0x000001fab1aff482 sp=0x000000c735ef6c70 mode 2
Event: 26.853 Thread 0x000001fac7721fe0 Uncommon trap: trap_request=0xffffffd6 fr.pc=0x000001fab2396284 relative=0x0000000000000484
Event: 26.853 Thread 0x000001fac7721fe0 Uncommon trap: reason=array_check action=maybe_recompile pc=0x000001fab2396284 method=com.sun.javafx.event.EventDispatchChainImpl.prepend(Ljavafx/event/EventDispatcher;)Ljavafx/event/EventDispatchChain; @ 33 c2
Event: 26.853 Thread 0x000001fac7721fe0 DEOPT PACKING pc=0x000001fab2396284 sp=0x000000c735ef6cd0
Event: 26.853 Thread 0x000001fac7721fe0 DEOPT UNPACKING pc=0x000001fab1aff482 sp=0x000000c735ef6c70 mode 2

Classes loaded (20 events):
Event: 20.432 Loading class java/util/stream/ReferencePipeline$15
Event: 20.432 Loading class java/util/stream/ReferencePipeline$15 done
Event: 20.432 Loading class java/util/stream/ReferencePipeline$15$1
Event: 20.432 Loading class java/util/stream/ReferencePipeline$15$1 done
Event: 20.433 Loading class java/util/stream/ReduceOps$5
Event: 20.433 Loading class java/util/stream/ReduceOps$5 done
Event: 20.437 Loading class java/util/stream/ReduceOps$CountingSink$OfRef
Event: 20.437 Loading class java/util/stream/ReduceOps$CountingSink
Event: 20.437 Loading class java/util/stream/ReduceOps$CountingSink done
Event: 20.437 Loading class java/util/stream/ReduceOps$CountingSink$OfRef done
Event: 26.191 Loading class java/io/Console
Event: 26.192 Loading class java/io/Console done
Event: 26.192 Loading class java/lang/SecurityManager
Event: 26.192 Loading class java/lang/SecurityManager done
Event: 26.194 Loading class sun/text/resources/cldr/FormatData_en
Event: 26.195 Loading class sun/text/resources/cldr/FormatData_en done
Event: 26.195 Loading class sun/text/resources/cldr/FormatData_en_US
Event: 26.195 Loading class sun/text/resources/cldr/FormatData_en_US done
Event: 399.843 Loading class jdk/internal/misc/Signal$1
Event: 399.843 Loading class jdk/internal/misc/Signal$1 done

Classes unloaded (0 events):
No events

Classes redefined (0 events):
No events

Internal exceptions (20 events):
Event: 19.363 Thread 0x000001fac1c90c50 Exception <a 'java/lang/NoSuchMethodError'{0x0000000716b714a8}: 'java.lang.Object java.lang.invoke.DirectMethodHandle$Holder.newInvokeSpecial(java.lang.Object, java.lang.Object, int, int)'> (0x0000000716b714a8) 
thrown [s\open\src\hotspot\share\interpreter\linkResolver.cpp, line 804]
Event: 19.363 Thread 0x000001fac297d210 Exception <a 'java/io/FileNotFoundException'{0x0000000716bc6798}> (0x0000000716bc6798) 
thrown [s\open\src\hotspot\share\prims\jni.cpp, line 516]
Event: 19.363 Thread 0x000001fad6627fc0 Exception <a 'java/io/FileNotFoundException'{0x0000000716b9eec0}> (0x0000000716b9eec0) 
thrown [s\open\src\hotspot\share\prims\jni.cpp, line 516]
Event: 19.363 Thread 0x000001fac1c90c50 Exception <a 'java/io/FileNotFoundException'{0x0000000716b79560}> (0x0000000716b79560) 
thrown [s\open\src\hotspot\share\prims\jni.cpp, line 516]
Event: 19.364 Thread 0x000001fac27388a0 Exception <a 'java/io/FileNotFoundException'{0x0000000716bb3a40}> (0x0000000716bb3a40) 
thrown [s\open\src\hotspot\share\prims\jni.cpp, line 516]
Event: 19.471 Thread 0x000001fac7721fe0 Exception <a 'java/io/FileNotFoundException'{0x000000070ec13c98}> (0x000000070ec13c98) 
thrown [s\open\src\hotspot\share\prims\jni.cpp, line 516]
Event: 19.471 Thread 0x000001fac7721fe0 Exception <a 'java/io/FileNotFoundException'{0x000000070ec15898}> (0x000000070ec15898) 
thrown [s\open\src\hotspot\share\prims\jni.cpp, line 516]
Event: 19.472 Thread 0x000001fac7721fe0 Exception <a 'java/io/FileNotFoundException'{0x000000070ec174b0}> (0x000000070ec174b0) 
thrown [s\open\src\hotspot\share\prims\jni.cpp, line 516]
Event: 19.472 Thread 0x000001fac7721fe0 Exception <a 'java/io/FileNotFoundException'{0x000000070ec190b0}> (0x000000070ec190b0) 
thrown [s\open\src\hotspot\share\prims\jni.cpp, line 516]
Event: 19.573 Thread 0x000001fad6627fc0 Exception <a 'java/io/FileNotFoundException'{0x0000000716ba0818}> (0x0000000716ba0818) 
thrown [s\open\src\hotspot\share\prims\jni.cpp, line 516]
Event: 19.573 Thread 0x000001fad6627fc0 Exception <a 'java/io/FileNotFoundException'{0x0000000716ba0f30}> (0x0000000716ba0f30) 
thrown [s\open\src\hotspot\share\prims\jni.cpp, line 516]
Event: 19.574 Thread 0x000001fac27388a0 Exception <a 'java/io/FileNotFoundException'{0x0000000716bb5220}> (0x0000000716bb5220) 
thrown [s\open\src\hotspot\share\prims\jni.cpp, line 516]
Event: 19.574 Thread 0x000001fac27388a0 Exception <a 'java/io/FileNotFoundException'{0x0000000716bb5938}> (0x0000000716bb5938) 
thrown [s\open\src\hotspot\share\prims\jni.cpp, line 516]
Event: 19.702 Thread 0x000001fac7721fe0 Exception <a 'java/lang/NoSuchMethodError'{0x000000070eaf65b0}: 'java.lang.Object java.lang.invoke.DirectMethodHandle$Holder.newInvokeSpecial(java.lang.Object, java.lang.Object, int, int, int, int, int, java.lang.Object)'> (0x000000070eaf65b0) 
thrown [s\open\src\hotspot\share\interpreter\linkResolver.cpp, line 804]
Event: 19.704 Thread 0x000001fac7721fe0 Exception <a 'java/lang/NoSuchMethodError'{0x000000070eb20020}: 'java.lang.Object java.lang.invoke.DirectMethodHandle$Holder.newInvokeSpecial(java.lang.Object, java.lang.Object, java.lang.Object, int, int, int, int, int)'> (0x000000070eb20020) 
thrown [s\open\src\hotspot\share\interpreter\linkResolver.cpp, line 804]
Event: 19.704 Thread 0x000001fac7721fe0 Exception <a 'java/lang/NoSuchMethodError'{0x000000070eb30900}: 'java.lang.Object java.lang.invoke.Invokers$Holder.linkToTargetMethod(java.lang.Object, java.lang.Object, int, int, int, int, int, java.lang.Object)'> (0x000000070eb30900) 
thrown [s\open\src\hotspot\share\interpreter\linkResolver.cpp, line 804]
Event: 20.430 Thread 0x000001fac7721fe0 Exception <a 'java/lang/NoSuchMethodError'{0x000000070ebbf470}: 'int java.lang.invoke.DirectMethodHandle$Holder.invokeVirtual(java.lang.Object, java.lang.Object)'> (0x000000070ebbf470) 
thrown [s\open\src\hotspot\share\interpreter\linkResolver.cpp, line 804]
Event: 20.431 Thread 0x000001fac7721fe0 Exception <a 'java/lang/NoSuchMethodError'{0x000000070ebcf348}: 'void java.lang.invoke.DirectMethodHandle$Holder.invokeVirtual(java.lang.Object, java.lang.Object, int)'> (0x000000070ebcf348) 
thrown [s\open\src\hotspot\share\interpreter\linkResolver.cpp, line 804]
Event: 22.878 Thread 0x000001fac7721fe0 Exception <a 'java/lang/NoSuchMethodError'{0x00000007ffe9e560}: 'java.lang.Object java.lang.invoke.DirectMethodHandle$Holder.newInvokeSpecial(java.lang.Object, java.lang.Object, java.lang.Object, double, double, double, double, int, int, int, int, int, int, int, int, int)'> (0x00000007ffe9e560) 
thrown [s\open\src\hotspot\share\interpreter\linkResolver.cpp, line 804]
Event: 26.246 Thread 0x000001fac7721fe0 Exception <a 'java/io/IOException'{0x00000007175dfb28}> (0x00000007175dfb28) 
thrown [s\open\src\hotspot\share\prims\jni.cpp, line 516]

VM Operations (20 events):
Event: 19.365 Executing non-safepoint VM operation: HandshakeAllThreads (Deoptimize) done
Event: 19.469 Executing non-safepoint VM operation: HandshakeAllThreads (Deoptimize)
Event: 19.469 Executing non-safepoint VM operation: HandshakeAllThreads (Deoptimize) done
Event: 20.436 Executing non-safepoint VM operation: HandshakeAllThreads (Deoptimize)
Event: 20.436 Executing non-safepoint VM operation: HandshakeAllThreads (Deoptimize) done
Event: 20.441 Executing non-safepoint VM operation: HandshakeAllThreads (Deoptimize)
Event: 20.441 Executing non-safepoint VM operation: HandshakeAllThreads (Deoptimize) done
Event: 21.950 Executing safepoint VM operation: G1CollectForAllocation (G1 Evacuation Pause)
Event: 21.978 Executing safepoint VM operation: G1CollectForAllocation (G1 Evacuation Pause) done
Event: 26.173 Executing non-safepoint VM operation: HandshakeAllThreads (Deoptimize)
Event: 26.173 Executing non-safepoint VM operation: HandshakeAllThreads (Deoptimize) done
Event: 26.194 Executing non-safepoint VM operation: HandshakeAllThreads (Deoptimize)
Event: 26.194 Executing non-safepoint VM operation: HandshakeAllThreads (Deoptimize) done
Event: 26.197 Executing non-safepoint VM operation: HandshakeAllThreads (Deoptimize)
Event: 26.197 Executing non-safepoint VM operation: HandshakeAllThreads (Deoptimize) done
Event: 60.141 Executing non-safepoint VM operation: HandshakeAllThreads (HandshakeForDeflation)
Event: 60.141 Executing non-safepoint VM operation: HandshakeAllThreads (HandshakeForDeflation) done
Event: 60.141 Executing non-safepoint VM operation: RendezvousGCThreads
Event: 60.141 Executing non-safepoint VM operation: RendezvousGCThreads done
Event: 399.847 Executing safepoint VM operation: Exit

Memory protections (0 events):
No events

Nmethod flushes (0 events):
No events

Events (20 events):
Event: 25.105 Thread 0x000001fac1cb7170 Thread added: 0x000001fad5faabc0
Event: 25.389 Thread 0x000001fac1cb7170 Thread added: 0x000001fad5fad410
Event: 25.766 Thread 0x000001fad5fad410 Thread exited: 0x000001fad5fad410
Event: 26.118 Thread 0x000001fad5faabc0 Thread exited: 0x000001fad5faabc0
Event: 26.118 Thread 0x000001fad5fa5b20 Thread exited: 0x000001fad5fa5b20
Event: 26.126 Thread 0x000001fac1cb7170 Thread added: 0x000001fad5fa5b20
Event: 26.268 Thread 0x000001fac1cb7170 Thread added: 0x000001fad5fac3f0
Event: 26.310 Thread 0x000001fad5fac3f0 Thread added: 0x000001fad5faabc0
Event: 26.331 Thread 0x000001fad5fa5b20 Thread added: 0x000001fad5fae430
Event: 26.772 Thread 0x000001fad5fae430 Thread exited: 0x000001fad5fae430
Event: 26.772 Thread 0x000001fad5fa5b20 Thread exited: 0x000001fad5fa5b20
Event: 26.844 Thread 0x000001fad5faabc0 Thread exited: 0x000001fad5faabc0
Event: 27.677 Thread 0x000001fad5fac3f0 Thread exited: 0x000001fad5fac3f0
Event: 27.924 Thread 0x000001fad5fa9390 Thread exited: 0x000001fad5fa9390
Event: 399.844 Thread 0x000001fac1c83670 Thread added: 0x000001fad5f45750
Event: 399.845 Thread 0x000001fad5f45750 Thread added: 0x000001fac297f150
Event: 399.845 Thread 0x000001fad5f45750 Thread added: 0x000001fac297d210
Event: 399.845 Thread 0x000001fac297d210 Thread exited: 0x000001fac297d210
Event: 399.847 Thread 0x000001fac297f150 Thread exited: 0x000001fac297f150
Event: 399.847 Thread 0x000001fad5f45750 Before exit entered


Dynamic libraries:
0x00007ff7247e0000 - 0x00007ff7247f0000 	C:\Program Files\Java\jdk-25\bin\java.exe
0x00007fff78de0000 - 0x00007fff79047000 	C:\Windows\SYSTEM32\ntdll.dll
0x00007fff784e0000 - 0x00007fff785a9000 	C:\Windows\System32\KERNEL32.DLL
0x00007fff76320000 - 0x00007fff76717000 	C:\Windows\System32\KERNELBASE.dll
0x00007fff76110000 - 0x00007fff7625b000 	C:\Windows\System32\ucrtbase.dll
0x00007fff654f0000 - 0x00007fff6550e000 	C:\Program Files\Java\jdk-25\bin\VCRUNTIME140.dll
0x00007fff65510000 - 0x00007fff65527000 	C:\Program Files\Java\jdk-25\bin\jli.dll
0x00007fff76e10000 - 0x00007fff76fd6000 	C:\Windows\System32\USER32.dll
0x00007fff608d0000 - 0x00007fff60b62000 	C:\Windows\WinSxS\amd64_microsoft.windows.common-controls_6595b64144ccf1df_6.0.26100.8457_none_3e0b2faee331e92d\COMCTL32.dll
0x00007fff76950000 - 0x00007fff76977000 	C:\Windows\System32\win32u.dll
0x00007fff78430000 - 0x00007fff784d9000 	C:\Windows\System32\msvcrt.dll
0x00007fff76d60000 - 0x00007fff76d8b000 	C:\Windows\System32\GDI32.dll
0x00007fff76980000 - 0x00007fff76aac000 	C:\Windows\System32\gdi32full.dll
0x00007fff768a0000 - 0x00007fff76943000 	C:\Windows\System32\msvcp_win.dll
0x00007fff78300000 - 0x00007fff78332000 	C:\Windows\System32\IMM32.DLL
0x00007fff72ed0000 - 0x00007fff72edc000 	C:\Program Files\Java\jdk-25\bin\vcruntime140_1.dll
0x00007fff54d90000 - 0x00007fff54e1d000 	C:\Program Files\Java\jdk-25\bin\msvcp140.dll
0x00007ffee9ad0000 - 0x00007ffeea92f000 	C:\Program Files\Java\jdk-25\bin\server\jvm.dll
0x00007fff78690000 - 0x00007fff78746000 	C:\Windows\System32\ADVAPI32.dll
0x00007fff77a40000 - 0x00007fff77ae7000 	C:\Windows\System32\sechost.dll
0x00007fff78c80000 - 0x00007fff78d98000 	C:\Windows\System32\RPCRT4.dll
0x00007fff78600000 - 0x00007fff78680000 	C:\Windows\System32\WS2_32.dll
0x00007fff75670000 - 0x00007fff756ce000 	C:\Windows\SYSTEM32\POWRPROF.dll
0x00007fff6e570000 - 0x00007fff6e57b000 	C:\Windows\SYSTEM32\VERSION.dll
0x00007fff6afb0000 - 0x00007fff6afe6000 	C:\Windows\SYSTEM32\WINMM.dll
0x00007fff75650000 - 0x00007fff75664000 	C:\Windows\SYSTEM32\UMPDC.dll
0x00007fff745a0000 - 0x00007fff745bb000 	C:\Windows\SYSTEM32\kernel.appcore.dll
0x00007fff5d7f0000 - 0x00007fff5d7fa000 	C:\Program Files\Java\jdk-25\bin\jimage.dll
0x00007fff69500000 - 0x00007fff69742000 	C:\Windows\SYSTEM32\DBGHELP.DLL
0x00007fff78750000 - 0x00007fff78ad3000 	C:\Windows\System32\combase.dll
0x00007fff77960000 - 0x00007fff77a39000 	C:\Windows\System32\OLEAUT32.dll
0x00007fff61ba0000 - 0x00007fff61bdb000 	C:\Windows\SYSTEM32\dbgcore.DLL
0x00007fff76ab0000 - 0x00007fff76b58000 	C:\Windows\System32\bcryptPrimitives.dll
0x00007fff54d60000 - 0x00007fff54d70000 	C:\Program Files\Java\jdk-25\bin\instrument.dll
0x00007fff55b00000 - 0x00007fff55b1f000 	C:\Program Files\Java\jdk-25\bin\java.dll
0x00007fff78ae0000 - 0x00007fff78c77000 	C:\Windows\System32\ole32.dll
0x00007fff77af0000 - 0x00007fff7825e000 	C:\Windows\System32\SHELL32.dll
0x00007fff758a0000 - 0x00007fff7610c000 	C:\Windows\System32\windows.storage.dll
0x00007fff76c60000 - 0x00007fff76d56000 	C:\Windows\System32\SHCORE.dll
0x00007fff76bf0000 - 0x00007fff76c56000 	C:\Windows\System32\shlwapi.dll
0x00007fff75730000 - 0x00007fff75759000 	C:\Windows\SYSTEM32\profapi.dll
0x00007fff55ae0000 - 0x00007fff55af2000 	C:\Program Files\Java\jdk-25\bin\net.dll
0x00007fff74b10000 - 0x00007fff74b7c000 	C:\Windows\system32\mswsock.dll
0x00007fff54d70000 - 0x00007fff54d86000 	C:\Program Files\Java\jdk-25\bin\nio.dll
0x00007fff54ce0000 - 0x00007fff54cf7000 	C:\Program Files\Java\jdk-25\bin\zip.dll
0x000001fac2e40000 - 0x000001fac2e43000 	C:\Users\sebas\.openjfx\cache\13\api-ms-win-core-console-l1-1-0.dll
0x000001fac2e50000 - 0x000001fac2e53000 	C:\Users\sebas\.openjfx\cache\13\api-ms-win-core-datetime-l1-1-0.dll
0x000001fac2e60000 - 0x000001fac2e63000 	C:\Users\sebas\.openjfx\cache\13\api-ms-win-core-debug-l1-1-0.dll
0x000001fac2e70000 - 0x000001fac2e73000 	C:\Users\sebas\.openjfx\cache\13\api-ms-win-core-errorhandling-l1-1-0.dll
0x000001fac2e80000 - 0x000001fac2e84000 	C:\Users\sebas\.openjfx\cache\13\api-ms-win-core-file-l1-1-0.dll
0x000001fac2e90000 - 0x000001fac2e93000 	C:\Users\sebas\.openjfx\cache\13\api-ms-win-core-file-l1-2-0.dll
0x000001fac2ea0000 - 0x000001fac2ea3000 	C:\Users\sebas\.openjfx\cache\13\api-ms-win-core-file-l2-1-0.dll
0x000001fac2eb0000 - 0x000001fac2eb3000 	C:\Users\sebas\.openjfx\cache\13\api-ms-win-core-handle-l1-1-0.dll
0x000001fac2ec0000 - 0x000001fac2ec3000 	C:\Users\sebas\.openjfx\cache\13\api-ms-win-core-heap-l1-1-0.dll
0x000001fac2ed0000 - 0x000001fac2ed3000 	C:\Users\sebas\.openjfx\cache\13\api-ms-win-core-interlocked-l1-1-0.dll
0x000001fac2ee0000 - 0x000001fac2ee3000 	C:\Users\sebas\.openjfx\cache\13\api-ms-win-core-libraryloader-l1-1-0.dll
0x000001fac2ef0000 - 0x000001fac2ef3000 	C:\Users\sebas\.openjfx\cache\13\api-ms-win-core-localization-l1-2-0.dll
0x000001fac2f00000 - 0x000001fac2f03000 	C:\Users\sebas\.openjfx\cache\13\api-ms-win-core-memory-l1-1-0.dll
0x000001fac2f10000 - 0x000001fac2f13000 	C:\Users\sebas\.openjfx\cache\13\api-ms-win-core-namedpipe-l1-1-0.dll
0x000001fac2f20000 - 0x000001fac2f23000 	C:\Users\sebas\.openjfx\cache\13\api-ms-win-core-processenvironment-l1-1-0.dll
0x000001fac2f30000 - 0x000001fac2f33000 	C:\Users\sebas\.openjfx\cache\13\api-ms-win-core-processthreads-l1-1-0.dll
0x000001fac2f40000 - 0x000001fac2f43000 	C:\Users\sebas\.openjfx\cache\13\api-ms-win-core-processthreads-l1-1-1.dll
0x000001fac2f50000 - 0x000001fac2f53000 	C:\Users\sebas\.openjfx\cache\13\api-ms-win-core-profile-l1-1-0.dll
0x000001fac2f60000 - 0x000001fac2f63000 	C:\Users\sebas\.openjfx\cache\13\api-ms-win-core-rtlsupport-l1-1-0.dll
0x000001fac2f70000 - 0x000001fac2f73000 	C:\Users\sebas\.openjfx\cache\13\api-ms-win-core-string-l1-1-0.dll
0x000001fac2f80000 - 0x000001fac2f83000 	C:\Users\sebas\.openjfx\cache\13\api-ms-win-core-synch-l1-1-0.dll
0x000001fac2f90000 - 0x000001fac2f93000 	C:\Users\sebas\.openjfx\cache\13\api-ms-win-core-synch-l1-2-0.dll
0x000001fac2fa0000 - 0x000001fac2fa3000 	C:\Users\sebas\.openjfx\cache\13\api-ms-win-core-sysinfo-l1-1-0.dll
0x000001fac2fb0000 - 0x000001fac2fb3000 	C:\Users\sebas\.openjfx\cache\13\api-ms-win-core-timezone-l1-1-0.dll
0x000001fac2fc0000 - 0x000001fac2fc3000 	C:\Users\sebas\.openjfx\cache\13\api-ms-win-core-util-l1-1-0.dll
0x000001fac2fd0000 - 0x000001fac2fd3000 	C:\Users\sebas\.openjfx\cache\13\api-ms-win-crt-conio-l1-1-0.dll
0x000001fac2fe0000 - 0x000001fac2fe4000 	C:\Users\sebas\.openjfx\cache\13\api-ms-win-crt-convert-l1-1-0.dll
0x000001fac2ff0000 - 0x000001fac2ff3000 	C:\Users\sebas\.openjfx\cache\13\api-ms-win-crt-environment-l1-1-0.dll
0x000001fac7fd0000 - 0x000001fac7fd3000 	C:\Users\sebas\.openjfx\cache\13\api-ms-win-crt-filesystem-l1-1-0.dll
0x000001fac7fe0000 - 0x000001fac7fe3000 	C:\Users\sebas\.openjfx\cache\13\api-ms-win-crt-heap-l1-1-0.dll
0x000001fac7ff0000 - 0x000001fac7ff3000 	C:\Users\sebas\.openjfx\cache\13\api-ms-win-crt-locale-l1-1-0.dll
0x000001fac8000000 - 0x000001fac8005000 	C:\Users\sebas\.openjfx\cache\13\api-ms-win-crt-math-l1-1-0.dll
0x000001fac8010000 - 0x000001fac8015000 	C:\Users\sebas\.openjfx\cache\13\api-ms-win-crt-multibyte-l1-1-0.dll
0x000001fac8020000 - 0x000001fac8030000 	C:\Users\sebas\.openjfx\cache\13\api-ms-win-crt-private-l1-1-0.dll
0x000001fac8030000 - 0x000001fac8033000 	C:\Users\sebas\.openjfx\cache\13\api-ms-win-crt-process-l1-1-0.dll
0x000001fac8040000 - 0x000001fac8044000 	C:\Users\sebas\.openjfx\cache\13\api-ms-win-crt-runtime-l1-1-0.dll
0x000001fac8050000 - 0x000001fac8054000 	C:\Users\sebas\.openjfx\cache\13\api-ms-win-crt-stdio-l1-1-0.dll
0x000001fac8060000 - 0x000001fac8064000 	C:\Users\sebas\.openjfx\cache\13\api-ms-win-crt-string-l1-1-0.dll
0x000001fac8070000 - 0x000001fac8073000 	C:\Users\sebas\.openjfx\cache\13\api-ms-win-crt-time-l1-1-0.dll
0x000001fac8080000 - 0x000001fac8083000 	C:\Users\sebas\.openjfx\cache\13\api-ms-win-crt-utility-l1-1-0.dll
0x00007fff54820000 - 0x00007fff5491c000 	C:\Users\sebas\.openjfx\cache\13\ucrtbase.dll
0x00007fff64f30000 - 0x00007fff64f45000 	C:\Users\sebas\.openjfx\cache\13\vcruntime140.dll
0x00007fff53fc0000 - 0x00007fff5405b000 	C:\Users\sebas\.openjfx\cache\13\msvcp140.dll
0x00007fff538d0000 - 0x00007fff53921000 	C:\Users\sebas\.openjfx\cache\13\concrt140.dll
0x00007fff55f20000 - 0x00007fff55f43000 	C:\Users\sebas\.openjfx\cache\13\prism_d3d.dll
0x00007fff34070000 - 0x00007fff34223000 	C:\Windows\system32\d3d9.dll
0x00007fff734f0000 - 0x00007fff7351f000 	C:\Windows\SYSTEM32\dwmapi.dll
0x00007fff73560000 - 0x00007fff735a5000 	C:\Windows\SYSTEM32\dxcore.dll
0x00007fff73270000 - 0x00007fff7331a000 	C:\Windows\system32\uxtheme.dll
0x00007fff641d0000 - 0x00007fff641f0000 	C:\Windows\System32\DriverStore\FileRepository\u0420858.inf_amd64_8c9c6d5a7e6e853d\B420649\atidx9loader64.dll
0x00007ffeddec0000 - 0x00007ffee0888000 	C:\Windows\System32\DriverStore\FileRepository\u0420858.inf_amd64_8c9c6d5a7e6e853d\B420649\AMDXN64.DLL
0x00007fff76fe0000 - 0x00007fff77467000 	C:\Windows\System32\SETUPAPI.dll
0x00007fff73380000 - 0x00007fff734be000 	C:\Windows\SYSTEM32\dxgi.dll
0x00007fff75700000 - 0x00007fff7572a000 	C:\Windows\SYSTEM32\BCrypt.dll
0x00007fff6ae50000 - 0x00007fff6ae8c000 	C:\Windows\System32\DriverStore\FileRepository\u0420858.inf_amd64_8c9c6d5a7e6e853d\B420649\amdihk64.dll
0x00007fff70060000 - 0x00007fff700c1000 	C:\Windows\SYSTEM32\directxdatabasehelper.dll
0x00007fff53880000 - 0x00007fff538c5000 	C:\Users\sebas\.openjfx\cache\13\glass.dll
0x00007fff77700000 - 0x00007fff777f0000 	C:\Windows\System32\COMDLG32.dll
0x00007fff77800000 - 0x00007fff7795c000 	C:\Windows\System32\MSCTF.dll
0x00007fff54a50000 - 0x00007fff54a64000 	C:\Users\sebas\.openjfx\cache\13\javafx_font.dll
0x00007fff71be0000 - 0x00007fff71e47000 	C:\Windows\SYSTEM32\dwrite.dll
0x00007fff78370000 - 0x00007fff7841e000 	C:\Windows\System32\clbcatq.dll
0x00007fff70ec0000 - 0x00007fff710ed000 	C:\Windows\SYSTEM32\WindowsCodecs.dll
0x00007fff490b0000 - 0x00007fff4910a000 	C:\Windows\system32\dataexchange.dll
0x00007fff6a9c0000 - 0x00007fff6ac0e000 	C:\Windows\system32\twinapi.appcore.dll
0x00007fff53f90000 - 0x00007fff53fbc000 	C:\Program Files\Common Files\Microsoft Shared\Ink\rtscom.dll
0x00007fff46e20000 - 0x00007fff46f66000 	C:\Windows\SYSTEM32\textinputframework.dll
0x00007fff728a0000 - 0x00007fff729c7000 	C:\Windows\SYSTEM32\CoreMessaging.dll
0x00007fff6ead0000 - 0x00007fff6edb2000 	C:\Windows\SYSTEM32\CoreUIComponents.dll
0x00007fff6edc0000 - 0x00007fff6ef2a000 	C:\Windows\SYSTEM32\wintypes.dll
0x00007fff74e10000 - 0x00007fff74e1c000 	C:\Windows\SYSTEM32\CRYPTBASE.DLL
0x00007fff74080000 - 0x00007fff741b2000 	C:\Windows\SYSTEM32\DNSAPI.dll
0x00007fff74040000 - 0x00007fff74072000 	C:\Windows\SYSTEM32\IPHLPAPI.DLL
0x00007fff77470000 - 0x00007fff7747a000 	C:\Windows\System32\NSI.dll
0x00007fff6eac0000 - 0x00007fff6eacb000 	C:\Windows\System32\rasadhlp.dll
0x00007fff707c0000 - 0x00007fff70846000 	C:\Windows\System32\fwpuclnt.dll
0x00007fff74df0000 - 0x00007fff74e0b000 	C:\Windows\SYSTEM32\CRYPTSP.dll
0x00007fff74500000 - 0x00007fff74539000 	C:\Windows\system32\rsaenh.dll
0x00007fff74bc0000 - 0x00007fff74bf3000 	C:\Windows\SYSTEM32\USERENV.dll
0x00007fff54b20000 - 0x00007fff54b2e000 	C:\Program Files\Java\jdk-25\bin\sunmscapi.dll
0x00007fff76720000 - 0x00007fff76898000 	C:\Windows\System32\CRYPT32.dll
0x00007fff75010000 - 0x00007fff75040000 	C:\Windows\SYSTEM32\ncrypt.dll
0x00007fff74fc0000 - 0x00007fff74fff000 	C:\Windows\SYSTEM32\NTASN1.dll

JVMTI agents:
C:\Program Files\JetBrains\IntelliJ IDEA 2025.3\lib\idea_rt.jar path:C:\Program Files\Java\jdk-25\bin\instrument.dll, loaded, initialized, instrumentlib options:55528

dbghelp: loaded successfully - version: 4.0.5 - missing functions: none
symbol engine: initialized successfully - sym options: 0x614 - pdb path: .;C:\Program Files\Java\jdk-25\bin;C:\Windows\SYSTEM32;C:\Windows\WinSxS\amd64_microsoft.windows.common-controls_6595b64144ccf1df_6.0.26100.8457_none_3e0b2faee331e92d;C:\Program Files\Java\jdk-25\bin\server;C:\Users\sebas\.openjfx\cache\13;C:\Windows\System32\DriverStore\FileRepository\u0420858.inf_amd64_8c9c6d5a7e6e853d\B420649;C:\Program Files\Common Files\Microsoft Shared\Ink

VM Arguments:
jvm_args: -javaagent:C:\Program Files\JetBrains\IntelliJ IDEA 2025.3\lib\idea_rt.jar=55528 -Dfile.encoding=UTF-8 -Dsun.stdout.encoding=UTF-8 -Dsun.stderr.encoding=UTF-8 --module-path=C:\Users\sebas\.m2\repository\org\kordamp\ikonli\ikonli-core\12.4.0\ikonli-core-12.4.0.jar;C:\Users\sebas\.m2\repository\org\openjfx\javafx-controls\13\javafx-controls-13-win.jar;C:\Users\sebas\.m2\repository\com\opencsv\opencsv\5.9\opencsv-5.9.jar;C:\Users\sebas\.m2\repository\com\itextpdf\layout\8.0.5\layout-8.0.5.jar;C:\Users\sebas\.m2\repository\com\itextpdf\io\8.0.5\io-8.0.5.jar;C:\Users\sebas\.m2\repository\org\kordamp\ikonli\ikonli-fontawesome5-pack\12.4.0\ikonli-fontawesome5-pack-12.4.0.jar;C:\Users\sebas\.m2\repository\com\itextpdf\kernel\8.0.5\kernel-8.0.5.jar;C:\Users\sebas\Documents\4to semestre\Programación de aplicaciones de escritorio\sistemapizzeria\target\classes;C:\Users\sebas\.m2\repository\org\openjfx\javafx-base\13\javafx-base-13-win.jar;C:\Users\sebas\.m2\repository\org\openjfx\javafx-graphics\13\javafx-graphics-13-win.jar;C:\Users\sebas\.m2\repository\org\openjfx\javafx-fxml\13\javafx-fxml-13-win.jar;C:\Users\sebas\.m2\repository\org\kordamp\ikonli\ikonli-javafx\12.4.0\ikonli-javafx-12.4.0.jar -Djdk.module.main=mx.uv.sistemapizzeria 
java_command: mx.uv.sistemapizzeria/mx.uv.sistemapizzeria.SistemaPizzeria
java_class_path (initial): C:\Users\sebas\.m2\repository\org\openjfx\javafx-controls\13\javafx-controls-13.jar;C:\Users\sebas\.m2\repository\org\openjfx\javafx-graphics\13\javafx-graphics-13.jar;C:\Users\sebas\.m2\repository\org\openjfx\javafx-base\13\javafx-base-13.jar;C:\Users\sebas\.m2\repository\org\openjfx\javafx-fxml\13\javafx-fxml-13.jar;C:\Users\sebas\.m2\repository\com\mysql\mysql-connector-j\8.3.0\mysql-connector-j-8.3.0.jar;C:\Users\sebas\.m2\repository\com\google\protobuf\protobuf-java\3.25.1\protobuf-java-3.25.1.jar;C:\Users\sebas\.m2\repository\org\apache\commons\commons-lang3\3.13.0\commons-lang3-3.13.0.jar;C:\Users\sebas\.m2\repository\org\apache\commons\commons-text\1.11.0\commons-text-1.11.0.jar;C:\Users\sebas\.m2\repository\commons-beanutils\commons-beanutils\1.9.4\commons-beanutils-1.9.4.jar;C:\Users\sebas\.m2\repository\commons-logging\commons-logging\1.2\commons-logging-1.2.jar;C:\Users\sebas\.m2\repository\commons-collections\commons-collections\3.2.2\commons-collections-3.2.2.jar;C:\Users\sebas\.m2\repository\org\apache\commons\commons-collections4\4.4\commons-collections4-4.4.jar;C:\Users\sebas\.m2\repository\com\itextpdf\commons\8.0.5\commons-8.0.5.jar;C:\Users\sebas\.m2\repository\com\itextpdf\bouncy-castle-connector\8.0.5\bouncy-castle-connector-8.0.5.jar;C:\Users\sebas\.m2\repository\org\slf4j\slf4j-api\1.7.36\slf4j-api-1.7.36.jar
Launcher Type: SUN_STANDARD

[Global flags]
     intx CICompilerCount                          = 12                                        {product} {ergonomic}
     uint ConcGCThreads                            = 3                                         {product} {ergonomic}
     uint G1ConcRefinementThreads                  = 13                                        {product} {ergonomic}
   size_t G1HeapRegionSize                         = 2097152                                   {product} {ergonomic}
   size_t InitialHeapSize                          = 257949696                                 {product} {ergonomic}
   size_t MarkStackSize                            = 4194304                                   {product} {ergonomic}
   size_t MarkStackSizeMax                         = 536870912                                 {product} {ergonomic}
   size_t MaxHeapSize                              = 4095737856                                {product} {ergonomic}
   size_t MaxNewSize                               = 2455764992                                {product} {ergonomic}
   size_t MinHeapDeltaBytes                        = 2097152                                   {product} {ergonomic}
   size_t MinHeapSize                              = 8388608                                   {product} {ergonomic}
    uintx NonNMethodCodeHeapSize                   = 7602176                                {pd product} {ergonomic}
    uintx NonProfiledCodeHeapSize                  = 122093568                              {pd product} {ergonomic}
    uintx ProfiledCodeHeapSize                     = 121962496                              {pd product} {ergonomic}
    uintx ReservedCodeCacheSize                    = 251658240                              {pd product} {ergonomic}
     bool SegmentedCodeCache                       = true                                      {product} {ergonomic}
   size_t SoftMaxHeapSize                          = 4095737856                             {manageable} {ergonomic}
     bool UseCompressedOops                        = true                           {product lp64_product} {ergonomic}
     bool UseG1GC                                  = true                                      {product} {ergonomic}
     bool UseLargePagesIndividualAllocation        = false                                  {pd product} {ergonomic}

Logging:
Log output configuration:
 #0: stdout all=off uptime,level,tags foldmultilines=false
 #1: stderr all=off uptime,level,tags foldmultilines=false

Release file:
IMPLEMENTOR="Oracle Corporation" 
JAVA_RUNTIME_VERSION="25.0.1+8-LTS-27" 
JAVA_VERSION="25.0.1" 
JAVA_VERSION_DATE="2025-10-21" 
LIBC="default" 
MODULES="java.base java.compiler java.datatransfer java.xml java.prefs java.desktop java.instrument java.logging java.management java.security.sasl java.naming java.rmi java.management.rmi java.net.http java.scripting java.security.jgss java.transaction.xa java.sql java.sql.rowset java.xml.crypto java.se java.smartcardio jdk.accessibility jdk.internal.jvmstat jdk.attach jdk.charsets jdk.internal.opt jdk.zipfs jdk.compiler jdk.crypto.cryptoki jdk.crypto.ec jdk.crypto.mscapi jdk.dynalink jdk.internal.ed jdk.editpad jdk.internal.vm.ci jdk.graal.compiler jdk.graal.compiler.management jdk.hotspot.agent jdk.httpserver jdk.incubator.vector jdk.internal.le jdk.internal.md jdk.jartool jdk.javadoc jdk.jcmd jdk.management jdk.management.agent jdk.jconsole jdk.jdeps jdk.jdwp.agent jdk.jdi jdk.jfr jdk.jlink jdk.jpackage jdk.jshell jdk.jsobject jdk.jstatd jdk.localedata jdk.management.jfr jdk.naming.dns jdk.naming.rmi jdk.net jdk.nio.mapmode jdk.sctp jdk.security.auth jdk.security.jgss jdk.unsupported jdk.unsupported.desktop jdk.xml.dom" 
OS_ARCH="x86_64" 
OS_NAME="Windows" 
SOURCE=".:git:862c85bc42b7 open:git:78770bfaefd2" 

Environment Variables:
PATH=C:\Program Files\Common Files\Oracle\Java\javapath;C:\Program Files (x86)\Common Files\Oracle\Java\java8path;C:\Program Files (x86)\Common Files\Oracle\Java\javapath;C:\Windows\system32;C:\Windows;C:\Windows\System32\Wbem;C:\Windows\System32\WindowsPowerShell\v1.0\;C:\Windows\System32\OpenSSH\;C:\Program Files\MySQL\MySQL Server 8.0\bin;C:\Program Files\Git\cmd;C:\Program Files\nodejs\;C:\Program Files\MySQL\MySQL Shell 8.0\bin\;C:\Users\sebas\AppData\Local\Microsoft\WindowsApps;C:\Users\sebas\AppData\Local\Python\bin;C:\Users\sebas\AppData\Local\Programs\Microsoft VS Code\bin;C:\Users\sebas\AppData\Roaming\npm
USERNAME=sebas
OS=Windows_NT
PROCESSOR_IDENTIFIER=AMD64 Family 25 Model 117 Stepping 2, AuthenticAMD
TMP=C:\Users\sebas\AppData\Local\Temp
TEMP=C:\Users\sebas\AppData\Local\Temp




Compilation memory statistics disabled.

Periodic native trim disabled

---------------  S Y S T E M  ---------------

OS:
 Windows 11 , 64 bit Build 26100 (10.0.26100.8328)
OS uptime: 0 days 10:05 hours
Hyper-V role detected

CPU: total 16 (initial active 16) (16 cores per cpu, 2 threads per core) family 25 model 117 stepping 2 microcode 0xa70520a, cx8, cmov, fxsr, ht, mmx, 3dnowpref, sse, sse2, sse3, ssse3, sse4a, sse4.1, sse4.2, popcnt, lzcnt, tsc, tscinvbit, avx, avx2, aes, erms, clmul, bmi1, bmi2, adx, avx512f, avx512dq, avx512cd, avx512bw, avx512vl, sha, fma, vzeroupper, avx512_vpopcntdq, avx512_vpclmulqdq, avx512_vaes, avx512_vnni, clflush, clflushopt, clwb, avx512_vbmi2, avx512_vbmi, hv, rdtscp, rdpid, fsrm, gfni, avx512_bitalg, f16c, cet_ss, avx512_ifma
Processor Information for processor 0
  Max Mhz: 4001, Current Mhz: 4001, Mhz Limit: 4001
Processor Information for processor 1
  Max Mhz: 4001, Current Mhz: 2470, Mhz Limit: 4001
Processor Information for processor 2
  Max Mhz: 4001, Current Mhz: 2470, Mhz Limit: 4001
Processor Information for processor 3
  Max Mhz: 4001, Current Mhz: 2470, Mhz Limit: 4001
Processor Information for processor 4
  Max Mhz: 4001, Current Mhz: 2470, Mhz Limit: 4001
Processor Information for processor 5
  Max Mhz: 4001, Current Mhz: 2470, Mhz Limit: 4001
Processor Information for processor 6
  Max Mhz: 4001, Current Mhz: 4001, Mhz Limit: 4001
Processor Information for processor 7
  Max Mhz: 4001, Current Mhz: 4001, Mhz Limit: 4001
Processor Information for processor 8
  Max Mhz: 4001, Current Mhz: 2470, Mhz Limit: 4001
Processor Information for processor 9
  Max Mhz: 4001, Current Mhz: 4001, Mhz Limit: 4001
Processor Information for processor 10
  Max Mhz: 4001, Current Mhz: 4001, Mhz Limit: 4001
Processor Information for processor 11
  Max Mhz: 4001, Current Mhz: 2470, Mhz Limit: 4001
Processor Information for processor 12
  Max Mhz: 4001, Current Mhz: 2470, Mhz Limit: 4001
Processor Information for processor 13
  Max Mhz: 4001, Current Mhz: 4001, Mhz Limit: 4001
Processor Information for processor 14
  Max Mhz: 4001, Current Mhz: 2470, Mhz Limit: 4001
Processor Information for processor 15
  Max Mhz: 4001, Current Mhz: 2470, Mhz Limit: 4001

Memory: 4k page, system-wide physical 15620M (3557M free)
TotalPageFile size 27908M (AvailPageFile size 10699M)
current process WorkingSet (physical memory assigned to process): 363M, peak: 387M
current process commit charge ("private bytes"): 440M, peak: 524M

vm_info: Java HotSpot(TM) 64-Bit Server VM (25.0.1+8-LTS-27) for windows-amd64 JRE (25.0.1+8-LTS-27), built on 2025-09-25T16:41:16Z with unknown MS VC++:1943

END.
