#
# A fatal error has been detected by the Java Runtime Environment:
#
#  EXCEPTION_ACCESS_VIOLATION (0xc0000005) at pc=0x00007fff548566f0, pid=3704, tid=3988
#
# JRE version: Java(TM) SE Runtime Environment (25.0.1+8) (build 25.0.1+8-LTS-27)
# Java VM: Java HotSpot(TM) 64-Bit Server VM (25.0.1+8-LTS-27, mixed mode, sharing, tiered, compressed oops, compressed class ptrs, g1 gc, windows-amd64)
# Problematic frame:
# C  [glass.dll+0x266f0]
#
# No core dump will be written. Minidumps are not enabled by default on client versions of Windows
#
# If you would like to submit a bug report, please visit:
#   https://bugreport.java.com/bugreport/crash.jsp
#

---------------  S U M M A R Y ------------

Command Line: -javaagent:C:\Program Files\JetBrains\IntelliJ IDEA 2025.3\lib\idea_rt.jar=63177 -Dfile.encoding=UTF-8 -Dsun.stdout.encoding=UTF-8 -Dsun.stderr.encoding=UTF-8 --module-path=C:\Users\sebas\.m2\repository\org\kordamp\ikonli\ikonli-core\12.4.0\ikonli-core-12.4.0.jar;C:\Users\sebas\.m2\repository\org\openjfx\javafx-controls\13\javafx-controls-13-win.jar;C:\Users\sebas\.m2\repository\com\opencsv\opencsv\5.9\opencsv-5.9.jar;C:\Users\sebas\.m2\repository\com\itextpdf\layout\8.0.5\layout-8.0.5.jar;C:\Users\sebas\.m2\repository\com\itextpdf\io\8.0.5\io-8.0.5.jar;C:\Users\sebas\.m2\repository\org\kordamp\ikonli\ikonli-fontawesome5-pack\12.4.0\ikonli-fontawesome5-pack-12.4.0.jar;C:\Users\sebas\.m2\repository\com\itextpdf\kernel\8.0.5\kernel-8.0.5.jar;C:\Users\sebas\Documents\4to semestre\Programación de aplicaciones de escritorio\sistemapizzeria\target\classes;C:\Users\sebas\.m2\repository\org\openjfx\javafx-base\13\javafx-base-13-win.jar;C:\Users\sebas\.m2\repository\org\openjfx\javafx-graphics\13\javafx-graphics-13-win.jar;C:\Users\sebas\.m2\repository\org\openjfx\javafx-fxml\13\javafx-fxml-13-win.jar;C:\Users\sebas\.m2\repository\org\kordamp\ikonli\ikonli-javafx\12.4.0\ikonli-javafx-12.4.0.jar -Djdk.module.main=mx.uv.sistemapizzeria mx.uv.sistemapizzeria/mx.uv.sistemapizzeria.SistemaPizzeria

Host: AMD Ryzen 9 270 w/ Radeon 780M Graphics, 16 cores, 15G,  Windows 11 , 64 bit Build 26100 (10.0.26100.8328)
Time: Sat May 30 12:11:57 2026 Hora estándar central (México) elapsed time: 111.236807 seconds (0d 0h 1m 51s)

---------------  T H R E A D  ---------------

Current thread (0x000001767a957a20):  VMThread "VM Thread"          [id=3988, stack(0x00000071dae00000,0x00000071daf00000) (1024K)]

Stack: [0x00000071dae00000,0x00000071daf00000],  sp=0x00000071daefeaf0,  free space=1018k
Native frames: (J=compiled Java code, j=interpreted, Vv=VM code, C=native code)
C  [glass.dll+0x266f0]  (no source info available)
C  [ucrtbase.dll+0x4bc75]  (no source info available)
C  [ucrtbase.dll+0x4b897]  (no source info available)
C  [ucrtbase.dll+0x4b84d]  (no source info available)
C  [glass.dll+0x23a12]  (no source info available)
C  [glass.dll+0x23b38]  (no source info available)
C  [ntdll.dll+0x15f98a]  (no source info available)
C  [ntdll.dll+0x12d23]  (no source info available)
C  [ntdll.dll+0x2cef]  (no source info available)
C  [ntdll.dll+0x43be]  (no source info available)
C  [KERNEL32.DLL+0x417fb]  (no source info available)
C  [ucrtbase.dll+0xa00b3]  (no source info available)
V  [jvm.dll+0x79eb3a]  (no source info available)
V  [jvm.dll+0x79f001]  (no source info available)
V  [jvm.dll+0x79eb20]  (no source info available)
V  [jvm.dll+0x47a184]  (no source info available)
V  [jvm.dll+0x96f091]  (no source info available)
V  [jvm.dll+0x9703ad]  (no source info available)
V  [jvm.dll+0x970929]  (no source info available)
V  [jvm.dll+0x970bd3]  (no source info available)
V  [jvm.dll+0x906a0d]  (no source info available)
V  [jvm.dll+0x7a5135]  (no source info available)
C  [ucrtbase.dll+0x37b0]  (no source info available)
C  [KERNEL32.DLL+0x2e957]  (no source info available)
C  [ntdll.dll+0x427c]  (no source info available)


siginfo: EXCEPTION_ACCESS_VIOLATION (0xc0000005), reading address 0x0000000000000000


Registers:
RAX=0x0000000000000000, RBX=0x000001767a96065a, RCX=0x000001767a957a20, RDX=0x00000071daefeaf0
RSP=0x00000071daefeaf0, RBP=0x00004a8ca26a01d9, RSI=0x0000017604409dc8, RDI=0x0000017604409da0
R8 =0x0000000000010002, R9 =0x00004a8ca26a01d9, R10=0x0000017658cd0000, R11=0x00000071daefebe8
R12=0x000000007ffe0385, R13=0x0000000000000001, R14=0x00000071daefec08, R15=0x0000017604409da0
RIP=0x00007fff548566f0, EFLAGS=0x0000000000010206

XMM[0]=0x0000000000000000 0x0000000000000000
XMM[1]=0x0000000000000000 0x00000071daefd700
XMM[2]=0x0000000000000000 0x0000000000000000
XMM[3]=0x0000000000000000 0x0000000000000000
XMM[4]=0x0000000000000000 0x0000000000000000
XMM[5]=0x0000000000000000 0x0000000000000000
XMM[6]=0x0000000000000000 0x0000000000000000
XMM[7]=0x0000000000000000 0x0000000000000000
XMM[8]=0x0000000000000000 0x404e000000000000
XMM[9]=0x0000000000000000 0x0000000000000000
XMM[10]=0x0000000000000000 0x0000000000000000
XMM[11]=0x0000000000000000 0x0000000000000000
XMM[12]=0x0000000000000000 0x0000000000000000
XMM[13]=0x0000000000000000 0x0000000000000000
XMM[14]=0x0000000000000000 0x0000000000000000
XMM[15]=0x0000000000000000 0x0000000000000000
  MXCSR=0x00001fa0


Register to memory mapping:

RAX=0x0 is null
RBX=0x000001767a96065a is a global jni handle
RCX=0x000001767a957a20 points into unknown readable memory: 0x00007ffeea65e3a0 | a0 e3 65 ea fe 7f 00 00
RDX=0x00000071daefeaf0 points into unknown readable memory: 0x0000000000000000 | 00 00 00 00 00 00 00 00
RSP=0x00000071daefeaf0 points into unknown readable memory: 0x0000000000000000 | 00 00 00 00 00 00 00 00
RBP=0x00004a8ca26a01d9 is an unknown value
RSI=0x0000017604409dc8 points into unknown readable memory: 0x00004a8ca26a01d9 | d9 01 6a a2 8c 4a 00 00
RDI=0x0000017604409da0 points into unknown readable memory: 0xfea940e07a6a0126 | 26 01 6a 7a e0 40 a9 fe
R8 =0x0000000000010002 is an unknown value
R9 =0x00004a8ca26a01d9 is an unknown value
R10=0x0000017658cd0000 points into unknown readable memory: 0x0000000000000000 | 00 00 00 00 00 00 00 00
R11=0x00000071daefebe8 points into unknown readable memory: 0x00007fff54853a12 | 12 3a 85 54 ff 7f 00 00
R12=0x000000007ffe0385 points into unknown readable memory: 00 00 00
R13=0x0000000000000001 is an unknown value
R14=0x00000071daefec08 points into unknown readable memory: 0x00000071daefebf0 | f0 eb ef da 71 00 00 00
R15=0x0000017604409da0 points into unknown readable memory: 0xfea940e07a6a0126 | 26 01 6a 7a e0 40 a9 fe

Top of Stack: (sp=0x00000071daefeaf0)
0x00000071daefeaf0:   0000000000000000 00007fff7612e0fb   ...........v....
0x00000071daefeb00:   0000017658bb0000 0000017600000000   ...Xv.......v...
0x00000071daefeb10:   fffffffffffffffe 000000007ffe0385   ................
0x00000071daefeb20:   0000017604409da8 00007fff7615bc75   ..@.v...u..v....
0x00000071daefeb30:   0000017604409db0 0000017600000000   ..@.v.......v...
0x00000071daefeb40:   0000017604409dc0 00004a8ca26a01d9   ..@.v.....j..J..
0x00000071daefeb50:   fffffffffffffffe 00007fff55f30000   ...........U....
0x00000071daefeb60:   00007fff54830000 00007fff54830000   ...T.......T....
0x00000071daefeb70:   00000071daefebf8 00007fff7615b897   ....q......v....
0x00000071daefeb80:   00000071daefec00 00000071daefec08   ....q.......q...
0x00000071daefeb90:   00000071daeff140 00007fff762488c0   @...q.....$v....
0x00000071daefeba0:   0000000000000000 00007fff7615b84d   ........M..v....
0x00000071daefebb0:   0000000000000000 0000000000000001   ................
0x00000071daefebc0:   000000710000000d 00000071daefebf8   ....q.......q...
0x00000071daefebd0:   fffffffffffffffe 00007fff71ced72f   ......../..q....
0x00000071daefebe0:   0000000000000000 00007fff54853a12   .........:.T....
0x00000071daefebf0:   00007fff5486d118 0000007100000002   ...T........q...
0x00000071daefec00:   0000000000000002 00000071daefebf0   ............q...
0x00000071daefec10:   0000000000000000 00007fff54853b38   ........8;.T....
0x00000071daefec20:   0000000000000001 000000007ffe0300   ................
0x00000071daefec30:   0000000000000001 00009b637f8447b5   .........G..c...
0x00000071daefec40:   00000071daeff140 00007fff74e111fe   @...q......t....
0x00000071daefec50:   0000000000000001 0000000000000000   ................
0x00000071daefec60:   0000000000000000 00007fff54853b84   .........;.T....
0x00000071daefec70:   0000000000000001 00007fff78f3f98a   ...........x....
0x00000071daefec80:   00007fff54830000 0000000000000000   ...T............
0x00000071daefec90:   0000000000000001 000000007ffe0384   ................
0x00000071daefeca0:   0000000000000000 00007fff78df2d23   ........#-.x....
0x00000071daefecb0:   0000000000000000 0000017658ef04a8   ...........Xv...
0x00000071daefecc0:   000000000000008d 0000000000000000   ................
0x00000071daefecd0:   0000000000000000 0000000000000000   ................
0x00000071daefece0:   0000000000000000 fffffcb000000000   ................

Instructions: (pc=0x00007fff548566f0)
  0x00007fff548565f0:   8b 4d 60 e8 98 c9 ff ff 48 8b 55 68 48 8b 8d 08
  0x00007fff54856600:   01 00 00 e8 49 be ff ff 33 d2 33 c9 e8 49 de ff
  0x00007fff54856610:   ff 90 cc cc cc cc cc cc cc cc cc cc cc cc cc cc
  0x00007fff54856620:   48 8d 8a 80 00 00 00 e9 14 e9 fe ff 48 89 54 24
  0x00007fff54856630:   10 55 48 83 ec 20 48 8b ea 48 8d 05 dd ca ff ff
  0x00007fff54856640:   48 83 c4 20 5d c3 cc 40 55 48 8b ea 48 8b 01 33
  0x00007fff54856650:   c9 81 38 05 00 00 c0 0f 94 c1 8b c1 5d c3 cc 40
  0x00007fff54856660:   55 48 83 ec 20 48 8b ea 8a 4d 40 48 83 c4 20 5d
  0x00007fff54856670:   e9 df cd ff ff cc 40 55 48 83 ec 20 48 8b ea e8
  0x00007fff54856680:   fc cb ff ff 8a 4d 38 48 83 c4 20 5d e9 c3 cd ff
  0x00007fff54856690:   ff cc 40 55 48 83 ec 30 48 8b ea 48 8b 01 8b 10
  0x00007fff548566a0:   48 89 4c 24 28 89 54 24 20 4c 8d 0d a4 d1 ff ff
  0x00007fff548566b0:   4c 8b 45 70 8b 55 68 48 8b 4d 60 e8 30 cb ff ff
  0x00007fff548566c0:   90 48 83 c4 30 5d c3 cc cc cc cc cc cc cc cc cc
  0x00007fff548566d0:   40 53 48 83 ec 30 48 c7 44 24 20 fe ff ff ff 48
  0x00007fff548566e0:   8b 1d 2a 64 01 00 48 85 db 74 16 e8 90 85 ff ff
=>0x00007fff548566f0:   4c 8b 00 48 8b d3 48 8b c8 41 ff 90 b0 00 00 00
  0x00007fff54856700:   90 48 83 c4 30 5b c3 cc cc cc cc cc cc cc cc cc
  0x00007fff54856710:   40 53 48 83 ec 20 48 8b 1d 9b 65 01 00 48 85 db
  0x00007fff54856720:   74 57 b8 ff ff ff ff f0 0f c1 43 10 83 f8 01 75
  0x00007fff54856730:   3d 48 85 db 74 38 48 8b 0b 48 85 c9 74 0d ff 15
  0x00007fff54856740:   64 0b 00 00 48 c7 03 00 00 00 00 48 8b 4b 08 48
  0x00007fff54856750:   85 c9 74 0d e8 37 c8 ff ff 48 c7 43 08 00 00 00
  0x00007fff54856760:   00 ba 18 00 00 00 48 8b cb e8 22 c8 ff ff 48 c7
  0x00007fff54856770:   05 3f 65 01 00 00 00 00 00 48 83 c4 20 5b c3 cc
  0x00007fff54856780:   40 53 48 83 ec 20 48 8b 1d 0b 65 01 00 48 85 db
  0x00007fff54856790:   74 57 b8 ff ff ff ff f0 0f c1 43 10 83 f8 01 75
  0x00007fff548567a0:   3d 48 85 db 74 38 48 8b 0b 48 85 c9 74 0d ff 15
  0x00007fff548567b0:   f4 0a 00 00 48 c7 03 00 00 00 00 48 8b 4b 08 48
  0x00007fff548567c0:   85 c9 74 0d e8 c7 c7 ff ff 48 c7 43 08 00 00 00
  0x00007fff548567d0:   00 ba 18 00 00 00 48 8b cb e8 b2 c7 ff ff 48 c7
  0x00007fff548567e0:   05 af 64 01 00 00 00 00 00 48 83 c4 20 5b c3 cc


Stack slot to memory mapping:

stack at sp + 0 slots: 0x0 is null
stack at sp + 1 slots: 0x00007fff7612e0fb ucrtbase.dll
stack at sp + 2 slots: 0x0000017658bb0000 points into unknown readable memory: 0x0000000000000000 | 00 00 00 00 00 00 00 00
stack at sp + 3 slots: 0x0000017600000000 is pointing into metadata
stack at sp + 4 slots: 0xfffffffffffffffe is an unknown value
stack at sp + 5 slots: 0x000000007ffe0385 points into unknown readable memory: 00 00 00
stack at sp + 6 slots: 0x0000017604409da8 points into unknown readable memory: 0x00004a8ca26a01d9 | d9 01 6a a2 8c 4a 00 00
stack at sp + 7 slots: 0x00007fff7615bc75 ucrtbase.dll

VM_Operation (0x00000071da4ff430): Exit, mode: safepoint, requested by thread 0x000001761ca688a0


---------------  P R O C E S S  ---------------

Threads class SMR info:
_java_thread_list=0x0000017614653690, length=20, elements={
0x000001765b11fc70, 0x000001767a96b330, 0x000001767a96bc40, 0x000001767a972e10,
0x000001767a974b10, 0x000001767a978970, 0x000001767a989870, 0x000001767a9a0e40,
0x00000176041137a0, 0x0000017604bedbf0, 0x0000017604bee3b0, 0x00000176051b32c0,
0x0000017605323600, 0x0000017605332c60, 0x000001760593a640, 0x0000017605965740,
0x0000017613cdb760, 0x0000017613ce0580, 0x00000176044969e0, 0x000001761ca688a0
}

Java Threads: ( => current thread )
  0x000001765b11fc70 JavaThread "main"                              [_thread_blocked, id=3672, stack(0x00000071da700000,0x00000071da800000) (1024K)]
  0x000001767a96b330 JavaThread "Reference Handler"          daemon [_thread_blocked, id=4848, stack(0x00000071daf00000,0x00000071db000000) (1024K)]
  0x000001767a96bc40 JavaThread "Finalizer"                  daemon [_thread_blocked, id=19704, stack(0x00000071db000000,0x00000071db100000) (1024K)]
  0x000001767a972e10 JavaThread "Attach Listener"            daemon [_thread_blocked, id=8220, stack(0x00000071db200000,0x00000071db300000) (1024K)]
  0x000001767a974b10 JavaThread "Service Thread"             daemon [_thread_blocked, id=18072, stack(0x00000071db300000,0x00000071db400000) (1024K)]
  0x000001767a978970 JavaThread "Monitor Deflation Thread"   daemon [_thread_blocked, id=14624, stack(0x00000071db400000,0x00000071db500000) (1024K)]
  0x000001767a989870 JavaThread "C2 CompilerThread0"         daemon [_thread_blocked, id=2760, stack(0x00000071db500000,0x00000071db600000) (1024K)]
  0x000001767a9a0e40 JavaThread "C1 CompilerThread0"         daemon [_thread_blocked, id=7444, stack(0x00000071db600000,0x00000071db700000) (1024K)]
  0x00000176041137a0 JavaThread "Common-Cleaner"             daemon [_thread_blocked, id=8332, stack(0x00000071db800000,0x00000071db900000) (1024K)]
  0x0000017604bedbf0 JavaThread "Monitor Ctrl-Break"         daemon [_thread_in_native, id=17420, stack(0x00000071dc000000,0x00000071dc100000) (1024K)]
  0x0000017604bee3b0 JavaThread "Notification Thread"        daemon [_thread_blocked, id=8820, stack(0x00000071dc100000,0x00000071dc200000) (1024K)]
  0x00000176051b32c0 JavaThread "QuantumRenderer-0"          daemon [_thread_blocked, id=13260, stack(0x00000071dbe00000,0x00000071dbf00000) (1024K)]
  0x0000017605323600 JavaThread "InvokeLaterDispatcher"      daemon [_thread_blocked, id=19792, stack(0x00000071dbf00000,0x00000071dc000000) (1024K)]
  0x0000017605332c60 JavaThread "JavaFX Application Thread"         [_thread_in_native, id=12852, stack(0x00000071dc200000,0x00000071dc300000) (1024K)]
  0x000001760593a640 JavaThread "JavaFX-Launcher"                   [_thread_blocked, id=18996, stack(0x00000071dd200000,0x00000071dd300000) (1024K)]
  0x0000017605965740 JavaThread "Thread-2"                   daemon [_thread_in_native, id=22208, stack(0x00000071dbd00000,0x00000071dbe00000) (1024K)]
  0x0000017613cdb760 JavaThread "Prism Font Disposer"        daemon [_thread_blocked, id=21692, stack(0x00000071ddb00000,0x00000071ddc00000) (1024K)]
  0x0000017613ce0580 JavaThread "Cleaner-0"                  daemon [_thread_blocked, id=11896, stack(0x00000071ddc00000,0x00000071ddd00000) (1024K)]
  0x00000176044969e0 JavaThread "mysql-cj-abandoned-connection-cleanup" daemon [_thread_blocked, id=5192, stack(0x00000071dbc00000,0x00000071dbd00000) (1024K)]
  0x000001761ca688a0 JavaThread "SIGINT handler"             daemon [_thread_blocked, id=8756, stack(0x00000071da400000,0x00000071da500000) (1024K)]
Total: 20

Other Threads:
=>0x000001767a957a20 VMThread "VM Thread"                           [id=3988, stack(0x00000071dae00000,0x00000071daf00000) (1024K)]
  0x000001765b188e20 WorkerThread "GC Thread#0"                     [id=9040, stack(0x00000071da800000,0x00000071da900000) (1024K)]
  0x0000017613c6a7c0 WorkerThread "GC Thread#1"                     [id=6512, stack(0x00000071dd300000,0x00000071dd400000) (1024K)]
  0x0000017605b21c00 WorkerThread "GC Thread#2"                     [id=21252, stack(0x00000071dd400000,0x00000071dd500000) (1024K)]
  0x0000017605b22030 WorkerThread "GC Thread#3"                     [id=15184, stack(0x00000071dd500000,0x00000071dd600000) (1024K)]
  0x0000017605b22460 WorkerThread "GC Thread#4"                     [id=19188, stack(0x00000071dd600000,0x00000071dd700000) (1024K)]
  0x0000017613c99840 WorkerThread "GC Thread#5"                     [id=18520, stack(0x00000071dd700000,0x00000071dd800000) (1024K)]
  0x000001760473d520 WorkerThread "GC Thread#6"                     [id=16316, stack(0x00000071dde00000,0x00000071ddf00000) (1024K)]
  0x000001760473e210 WorkerThread "GC Thread#7"                     [id=11088, stack(0x00000071ddf00000,0x00000071de000000) (1024K)]
  0x000001760473fbf0 WorkerThread "GC Thread#8"                     [id=22456, stack(0x00000071de000000,0x00000071de100000) (1024K)]
  0x000001760473f350 WorkerThread "GC Thread#9"                     [id=22216, stack(0x00000071de100000,0x00000071de200000) (1024K)]
  0x000001760473ef00 WorkerThread "GC Thread#10"                    [id=20364, stack(0x00000071de200000,0x00000071de300000) (1024K)]
  0x0000017604740040 WorkerThread "GC Thread#11"                    [id=8912, stack(0x00000071de300000,0x00000071de400000) (1024K)]
  0x0000017604740490 WorkerThread "GC Thread#12"                    [id=14212, stack(0x00000071de400000,0x00000071de500000) (1024K)]
  0x000001765b1a1c00 ConcurrentGCThread "G1 Main Marker"            terminated
  0x000001765b1a4d50 WorkerThread "G1 Conc#0"                       [id=3928, stack(0x00000071daa00000,0x00000071dab00000) (1024K)]
  0x000001760473c830 WorkerThread "G1 Conc#1"                       [id=10592, stack(0x00000071de500000,0x00000071de600000) (1024K)]
  0x00000176047408e0 WorkerThread "G1 Conc#2"                       [id=21848, stack(0x00000071de600000,0x00000071de700000) (1024K)]
  0x000001765b1de6c0 ConcurrentGCThread "G1 Refine#0"               terminated
  0x000001767a819120 ConcurrentGCThread "G1 Service"                terminated
Total: 20

Threads with active compile tasks:
Total: 0

VM state: at safepoint (shutting down)

VM Mutex/Monitor currently owned by a thread:  ([mutex/lock_event])
[0x00007ffeea8494e8] Threads_lock - owner thread: 0x000001767a957a20
[0x00007ffeea849668] Heap_lock - owner thread: 0x000001761ca688a0

Heap address: 0x000000070be00000, size: 3906 MB, Compressed Oops mode: Zero based, Oop shift amount: 3

CDS archive(s) mapped at: [0x0000000019000000-0x0000000019dd0000-0x0000000019dd0000), size 14483456, SharedBaseAddress: 0x0000000019000000, ArchiveRelocationMode: 1.
Compressed class space mapped at: 0x000000001a000000-0x000000005a000000, reserved size: 1073741824
UseCompressedClassPointers 1, UseCompactObjectHeaders 0
Narrow klass pointer bits 32, Max shift 3
Narrow klass base: 0x0000000019000000, Narrow klass shift: 0
Encoding Range: [0x0000000019000000 - 0x0000000119000000), (4294967296 bytes)
Klass Range:    [0x0000000019010000 - 0x000000005a000000), (1090453504 bytes)
Klass ID Range:  [65536 - 1090519033) (1090453497)
Protection zone: [0x0000000019000000 - 0x0000000019010000), (65536 bytes)

GC Precious Log:
 CardTable entry size: 512
 Card Set container configuration: InlinePtr #cards 4 size 8 Array Of Cards #cards 16 size 48 Howl #buckets 8 coarsen threshold 3686 Howl Bitmap #cards 512 size 80 coarsen threshold 460 Card regions per heap region 1 cards per card region 4096
 CPUs: 16 total, 16 available
 Memory: 15620M
 Large Page Support: Disabled
 NUMA Support: Disabled
 Compressed Oops: Enabled (Zero based)
 Heap Region Size: 2M
 Heap Min Capacity: 8M
 Heap Initial Capacity: 246M
 Heap Max Capacity: 3906M
 Pre-touch: Disabled
 Parallel Workers: 13
 Concurrent Workers: 3
 Concurrent Refinement Workers: 13
 Periodic GC: Disabled

Heap:
 garbage-first heap   total reserved 3999744K, committed 83968K, used 56103K [0x000000070be00000, 0x0000000800000000)
  region size 2048K, 16 young (32768K), 3 survivors (6144K)

Heap Regions: E=young(eden), S=young(survivor), O=old, HS=humongous(starts), HC=humongous(continues), CS=collection set, F=free, TAMS=top-at-mark-start, PB=parsable bottom
|   0|0x000000070be00000, 0x000000070c000000, 0x000000070c000000|100%| O|  |TAMS 0x000000070be00000| PB 0x000000070be00000| Untracked |  0
|   1|0x000000070c000000, 0x000000070c200000, 0x000000070c200000|100%| O|  |TAMS 0x000000070c000000| PB 0x000000070c000000| Untracked |  0
|   2|0x000000070c200000, 0x000000070c400000, 0x000000070c400000|100%| O|  |TAMS 0x000000070c200000| PB 0x000000070c200000| Untracked |  0
|   3|0x000000070c400000, 0x000000070c600000, 0x000000070c600000|100%|HS|  |TAMS 0x000000070c400000| PB 0x000000070c400000| Complete |  0
|   4|0x000000070c600000, 0x000000070c600000, 0x000000070c800000|  0%| F|  |TAMS 0x000000070c600000| PB 0x000000070c600000| Untracked |  0
|   5|0x000000070c800000, 0x000000070c800000, 0x000000070ca00000|  0%| F|  |TAMS 0x000000070c800000| PB 0x000000070c800000| Untracked |  0
|   6|0x000000070ca00000, 0x000000070ca00000, 0x000000070cc00000|  0%| F|  |TAMS 0x000000070ca00000| PB 0x000000070ca00000| Untracked |  0
|   7|0x000000070cc00000, 0x000000070ce00000, 0x000000070ce00000|100%|HS|  |TAMS 0x000000070cc00000| PB 0x000000070cc00000| Complete |  0
|   8|0x000000070ce00000, 0x000000070d000000, 0x000000070d000000|100%|HC|  |TAMS 0x000000070ce00000| PB 0x000000070ce00000| Complete |  0
|   9|0x000000070d000000, 0x000000070d200000, 0x000000070d200000|100%|HC|  |TAMS 0x000000070d000000| PB 0x000000070d000000| Complete |  0
|  10|0x000000070d200000, 0x000000070d400000, 0x000000070d400000|100%|HS|  |TAMS 0x000000070d200000| PB 0x000000070d200000| Complete |  0
|  11|0x000000070d400000, 0x000000070d600000, 0x000000070d600000|100%|HC|  |TAMS 0x000000070d400000| PB 0x000000070d400000| Complete |  0
|  12|0x000000070d600000, 0x000000070d800000, 0x000000070d800000|100%|HC|  |TAMS 0x000000070d600000| PB 0x000000070d600000| Complete |  0
|  13|0x000000070d800000, 0x000000070da00000, 0x000000070da00000|100%| O|  |TAMS 0x000000070d800000| PB 0x000000070d800000| Untracked |  0
|  14|0x000000070da00000, 0x000000070dc00000, 0x000000070dc00000|100%| O|  |TAMS 0x000000070da00000| PB 0x000000070da00000| Untracked |  0
|  15|0x000000070dc00000, 0x000000070dcc9fb8, 0x000000070de00000| 39%| O|  |TAMS 0x000000070dc00000| PB 0x000000070dc00000| Untracked |  0
|  16|0x000000070de00000, 0x000000070e000000, 0x000000070e000000|100%| S|CS|TAMS 0x000000070de00000| PB 0x000000070de00000| Complete |  0
|  17|0x000000070e000000, 0x000000070e200000, 0x000000070e200000|100%| S|CS|TAMS 0x000000070e000000| PB 0x000000070e000000| Complete |  0
|  18|0x000000070e200000, 0x000000070e400000, 0x000000070e400000|100%| S|CS|TAMS 0x000000070e200000| PB 0x000000070e200000| Complete |  0
|  19|0x000000070e400000, 0x000000070e400000, 0x000000070e600000|  0%| F|  |TAMS 0x000000070e400000| PB 0x000000070e400000| Untracked |  0
|  20|0x000000070e600000, 0x000000070e600000, 0x000000070e800000|  0%| F|  |TAMS 0x000000070e600000| PB 0x000000070e600000| Untracked |  0
|  21|0x000000070e800000, 0x000000070e800000, 0x000000070ea00000|  0%| F|  |TAMS 0x000000070e800000| PB 0x000000070e800000| Untracked |  0
|  22|0x000000070ea00000, 0x000000070ea00000, 0x000000070ec00000|  0%| F|  |TAMS 0x000000070ea00000| PB 0x000000070ea00000| Untracked |  0
|  23|0x000000070ec00000, 0x000000070ec00000, 0x000000070ee00000|  0%| F|  |TAMS 0x000000070ec00000| PB 0x000000070ec00000| Untracked |  0
|  24|0x000000070ee00000, 0x000000070ee00000, 0x000000070f000000|  0%| F|  |TAMS 0x000000070ee00000| PB 0x000000070ee00000| Untracked |  0
|  25|0x000000070f000000, 0x000000070f000000, 0x000000070f200000|  0%| F|  |TAMS 0x000000070f000000| PB 0x000000070f000000| Untracked |  0
|  26|0x000000070f200000, 0x000000070f200000, 0x000000070f400000|  0%| F|  |TAMS 0x000000070f200000| PB 0x000000070f200000| Untracked |  0
|  27|0x000000070f400000, 0x000000070f400000, 0x000000070f600000|  0%| F|  |TAMS 0x000000070f400000| PB 0x000000070f400000| Untracked |  0
|  28|0x000000070f600000, 0x000000070f62e1c8, 0x000000070f800000|  9%| E|  |TAMS 0x000000070f600000| PB 0x000000070f600000| Complete |  0
|  29|0x000000070f800000, 0x000000070fa00000, 0x000000070fa00000|100%| E|CS|TAMS 0x000000070f800000| PB 0x000000070f800000| Complete |  0
|  30|0x000000070fa00000, 0x000000070fc00000, 0x000000070fc00000|100%| E|CS|TAMS 0x000000070fa00000| PB 0x000000070fa00000| Complete |  0
|  31|0x000000070fc00000, 0x000000070fe00000, 0x000000070fe00000|100%| E|CS|TAMS 0x000000070fc00000| PB 0x000000070fc00000| Complete |  0
|  32|0x000000070fe00000, 0x0000000710000000, 0x0000000710000000|100%| E|CS|TAMS 0x000000070fe00000| PB 0x000000070fe00000| Complete |  0
|  33|0x0000000710000000, 0x0000000710200000, 0x0000000710200000|100%| E|CS|TAMS 0x0000000710000000| PB 0x0000000710000000| Complete |  0
|  88|0x0000000716e00000, 0x0000000717000000, 0x0000000717000000|100%| E|CS|TAMS 0x0000000716e00000| PB 0x0000000716e00000| Complete |  0
|  89|0x0000000717000000, 0x0000000717200000, 0x0000000717200000|100%| E|CS|TAMS 0x0000000717000000| PB 0x0000000717000000| Complete |  0
|  90|0x0000000717200000, 0x0000000717400000, 0x0000000717400000|100%| E|CS|TAMS 0x0000000717200000| PB 0x0000000717200000| Complete |  0
|  91|0x0000000717400000, 0x0000000717600000, 0x0000000717600000|100%| E|CS|TAMS 0x0000000717400000| PB 0x0000000717400000| Complete |  0
|  92|0x0000000717600000, 0x0000000717800000, 0x0000000717800000|100%| E|CS|TAMS 0x0000000717600000| PB 0x0000000717600000| Complete |  0
| 122|0x000000071b200000, 0x000000071b400000, 0x000000071b400000|100%| E|CS|TAMS 0x000000071b200000| PB 0x000000071b200000| Complete |  0
|1952|0x00000007ffe00000, 0x0000000800000000, 0x0000000800000000|100%| E|CS|TAMS 0x00000007ffe00000| PB 0x00000007ffe00000| Complete |  0

Card table byte_map: [0x0000017673ae0000,0x0000017674290000] _byte_map_base: 0x0000017670281000

Marking Bits: (CMBitMap*) 0x000001765b1895b0
 Bits: [0x0000017674290000, 0x0000017677f98000)

Polling page: 0x0000017659130000

Metaspace:
Metaspace        used 29880K, committed 30208K, reserved 1114112K
 class space     used 3558K, committed 3712K, reserved 1048576K

Usage:
  Non-class:     25.70 MB used.
      Class:      3.48 MB used.
       Both:     29.18 MB used.

Virtual space:
  Non-class space:       64.00 MB reserved,      25.88 MB ( 40%) committed,  1 nodes.
      Class space:        1.00 GB reserved,       3.62 MB ( <1%) committed,  1 nodes.
             Both:        1.06 GB reserved,      29.50 MB (  3%) committed. 

Chunk freelists:
   Non-Class:  5.72 MB
       Class:  12.42 MB
        Both:  18.14 MB

MaxMetaspaceSize: unlimited
CompressedClassSpaceSize: 1.00 GB
Initial GC threshold: 21.00 MB
Current GC threshold: 35.12 MB
CDS: on
 - commit_granule_bytes: 65536.
 - commit_granule_words: 8192.
 - virtual_space_node_default_size: 8388608.
 - enlarge_chunks_in_place: 1.
UseCompressedClassPointers 1, UseCompactObjectHeaders 0
Narrow klass pointer bits 32, Max shift 3
Narrow klass base: 0x0000000019000000, Narrow klass shift: 0
Encoding Range: [0x0000000019000000 - 0x0000000119000000), (4294967296 bytes)
Klass Range:    [0x0000000019010000 - 0x000000005a000000), (1090453504 bytes)
Klass ID Range:  [65536 - 1090519033) (1090453497)
Protection zone: [0x0000000019000000 - 0x0000000019010000), (65536 bytes)


Internal statistics:

num_allocs_failed_limit: 3.
num_arena_births: 338.
num_arena_deaths: 0.
num_vsnodes_births: 2.
num_vsnodes_deaths: 0.
num_space_committed: 472.
num_space_uncommitted: 0.
num_chunks_returned_to_freelist: 3.
num_chunks_taken_from_freelist: 1187.
num_chunk_merges: 0.
num_chunk_splits: 828.
num_chunks_enlarged: 635.
num_inconsistent_stats: 0.

CodeHeap 'non-profiled nmethods': size=119232Kb used=2675Kb max_used=2675Kb free=116556Kb
 bounds [0x000001766b530000, 0x000001766b7d0000, 0x00000176729a0000]
CodeHeap 'profiled nmethods': size=119104Kb used=12387Kb max_used=12387Kb free=106716Kb
 bounds [0x00000176639a0000, 0x00000176645c0000, 0x000001766adf0000]
CodeHeap 'non-nmethods': size=7424Kb used=2077Kb max_used=3891Kb free=5346Kb
 bounds [0x000001766adf0000, 0x000001766b1d0000, 0x000001766b530000]
CodeCache: size=245760Kb, used=17139Kb, max_used=18953Kb, free=228618Kb
 total_blobs=8200, nmethods=7243, adapters=860, full_count=0
Compilation: enabled, stopped_count=0, restarted_count=0

Compilation events (20 events):
Event: 23.992 Thread 0x00000176046814b0 7237       3       javafx.scene.Node::computeLocalBounds (135 bytes)
Event: 23.992 Thread 0x0000017604684d20 7238       3       com.sun.javafx.geom.transform.Identity::setToIdentity (1 bytes)
Event: 23.992 Thread 0x0000017604684d20 nmethod 7238 0x00000176645b5688 code [0x00000176645b5780, 0x00000176645b5888]
Event: 23.995 Thread 0x00000176046814b0 nmethod 7237 0x00000176645b5988 code [0x00000176645b5a80, 0x00000176645b7ae8]
Event: 23.999 Thread 0x0000017604682ce0 nmethod 7226 0x000001766b7c6e88 code [0x000001766b7c6f80, 0x000001766b7c7b88]
Event: 24.039 Thread 0x000001767a989870 nmethod 7138% 0x000001766b7c7c08 code [0x000001766b7c7d00, 0x000001766b7cc148]
Event: 24.468 Thread 0x000001767a989870 7239       4       com.sun.javafx.event.CompositeEventHandler$NormalEventHandlerRecord::handleCapturingEvent (1 bytes)
Event: 24.469 Thread 0x000001767a989870 nmethod 7239 0x000001766b7cc188 code [0x000001766b7cc280, 0x000001766b7cc2f8]
Event: 24.484 Thread 0x0000017604684d20 7240       3       com.sun.javafx.scene.layout.RegionHelper::pickNodeLocalImpl (12 bytes)
Event: 24.484 Thread 0x0000017604684d20 nmethod 7240 0x00000176645b7b08 code [0x00000176645b7c00, 0x00000176645b7ec0]
Event: 84.794 Thread 0x000001767a989870 7241       4       com.sun.javafx.tk.quantum.QuantumToolkit::postPulse (133 bytes)
Event: 84.798 Thread 0x000001767a989870 nmethod 7241 0x000001766b7cc488 code [0x000001766b7cc580, 0x000001766b7cc830]
Event: 86.609 Thread 0x000001767a989870 7242       4       com.sun.javafx.tk.quantum.QuantumToolkit$$Lambda/0x000000001a0656d8::run (8 bytes)
Event: 86.614 Thread 0x000001767a989870 nmethod 7242 0x000001766b7cc888 code [0x000001766b7cc980, 0x000001766b7ccc78]
Event: 102.258 Thread 0x000001767a9a0e40 7243       3       jdk.internal.module.Resources::toPackageName (39 bytes)
Event: 102.259 Thread 0x000001767a9a0e40 nmethod 7243 0x00000176645b7f08 code [0x00000176645b8000, 0x00000176645b8ab8]
Event: 107.271 Thread 0x000001767a9a0e40 7244       3       jdk.internal.loader.BuiltinClassLoader::hasClassPath (13 bytes)
Event: 107.271 Thread 0x000001767a9a0e40 nmethod 7244 0x00000176645b8b08 code [0x00000176645b8c00, 0x00000176645b8d60]
Event: 110.881 Thread 0x000001767a9a0e40 7245       1       java.util.logging.LogManager$LoggerContext::getOwner (5 bytes)
Event: 110.882 Thread 0x000001767a9a0e40 nmethod 7245 0x000001766b7ccc88 code [0x000001766b7ccd80, 0x000001766b7cce48]

GC Heap Usage History (8 events):
Event: 0.830 {heap Before GC invocations=0 (full 0):
 garbage-first heap   total reserved 3999744K, committed 253952K, used 48277K [0x000000070be00000, 0x0000000800000000)
  region size 2048K, 24 young (49152K), 0 survivors (0K)
}
Event: 0.834 {heap After GC invocations=1 (full 0):
 garbage-first heap   total reserved 3999744K, committed 253952K, used 6794K [0x000000070be00000, 0x0000000800000000)
  region size 2048K, 3 young (6144K), 3 survivors (6144K)
}
Event: 12.164 {heap Before GC invocations=1 (full 0):
 garbage-first heap   total reserved 3999744K, committed 253952K, used 68234K [0x000000070be00000, 0x0000000800000000)
  region size 2048K, 30 young (61440K), 3 survivors (6144K)
}
Event: 12.174 {heap After GC invocations=2 (full 0):
 garbage-first heap   total reserved 3999744K, committed 253952K, used 19115K [0x000000070be00000, 0x0000000800000000)
  region size 2048K, 5 young (10240K), 5 survivors (10240K)
}
Event: 14.920 {heap Before GC invocations=3 (full 0):
 garbage-first heap   total reserved 3999744K, committed 69632K, used 68267K [0x000000070be00000, 0x0000000800000000)
  region size 2048K, 20 young (40960K), 5 survivors (10240K)
}
Event: 14.934 {heap After GC invocations=4 (full 0):
 garbage-first heap   total reserved 3999744K, committed 83968K, used 34167K [0x000000070be00000, 0x0000000800000000)
  region size 2048K, 7 young (14336K), 7 survivors (14336K)
}
Event: 17.126 {heap Before GC invocations=4 (full 0):
 garbage-first heap   total reserved 3999744K, committed 83968K, used 62839K [0x000000070be00000, 0x0000000800000000)
  region size 2048K, 21 young (43008K), 7 survivors (14336K)
}
Event: 17.140 {heap After GC invocations=5 (full 0):
 garbage-first heap   total reserved 3999744K, committed 83968K, used 31527K [0x000000070be00000, 0x0000000800000000)
  region size 2048K, 3 young (6144K), 3 survivors (6144K)
}

Metaspace Usage History (8 events):
Event: 0.830 {metaspace Before GC invocations=0 (full 0):
 Metaspace       used 9164K, committed 9344K, reserved 1114112K
  class space    used 935K, committed 1024K, reserved 1048576K
}
Event: 0.834 {metaspace After GC invocations=1 (full 0):
 Metaspace       used 9164K, committed 9344K, reserved 1114112K
  class space    used 935K, committed 1024K, reserved 1048576K
}
Event: 12.164 {metaspace Before GC invocations=1 (full 0):
 Metaspace       used 21248K, committed 21504K, reserved 1114112K
  class space    used 2442K, committed 2560K, reserved 1048576K
}
Event: 12.174 {metaspace After GC invocations=2 (full 0):
 Metaspace       used 21248K, committed 21504K, reserved 1114112K
  class space    used 2442K, committed 2560K, reserved 1048576K
}
Event: 14.920 {metaspace Before GC invocations=3 (full 0):
 Metaspace       used 27007K, committed 27264K, reserved 1114112K
  class space    used 3210K, committed 3328K, reserved 1048576K
}
Event: 14.934 {metaspace After GC invocations=4 (full 0):
 Metaspace       used 27007K, committed 27264K, reserved 1114112K
  class space    used 3210K, committed 3328K, reserved 1048576K
}
Event: 17.126 {metaspace Before GC invocations=4 (full 0):
 Metaspace       used 28743K, committed 29056K, reserved 1114112K
  class space    used 3445K, committed 3584K, reserved 1048576K
}
Event: 17.140 {metaspace After GC invocations=5 (full 0):
 Metaspace       used 28743K, committed 29056K, reserved 1114112K
  class space    used 3445K, committed 3584K, reserved 1048576K
}

Dll operation events (20 events):
Event: 0.335 Loaded shared library C:\Users\sebas\.openjfx\cache\13\api-ms-win-crt-heap-l1-1-0.dll
Event: 0.338 Loaded shared library C:\Users\sebas\.openjfx\cache\13\api-ms-win-crt-locale-l1-1-0.dll
Event: 0.340 Loaded shared library C:\Users\sebas\.openjfx\cache\13\api-ms-win-crt-math-l1-1-0.dll
Event: 0.344 Loaded shared library C:\Users\sebas\.openjfx\cache\13\api-ms-win-crt-multibyte-l1-1-0.dll
Event: 0.348 Loaded shared library C:\Users\sebas\.openjfx\cache\13\api-ms-win-crt-private-l1-1-0.dll
Event: 0.350 Loaded shared library C:\Users\sebas\.openjfx\cache\13\api-ms-win-crt-process-l1-1-0.dll
Event: 0.353 Loaded shared library C:\Users\sebas\.openjfx\cache\13\api-ms-win-crt-runtime-l1-1-0.dll
Event: 0.355 Loaded shared library C:\Users\sebas\.openjfx\cache\13\api-ms-win-crt-stdio-l1-1-0.dll
Event: 0.357 Loaded shared library C:\Users\sebas\.openjfx\cache\13\api-ms-win-crt-string-l1-1-0.dll
Event: 0.360 Loaded shared library C:\Users\sebas\.openjfx\cache\13\api-ms-win-crt-time-l1-1-0.dll
Event: 0.362 Loaded shared library C:\Users\sebas\.openjfx\cache\13\api-ms-win-crt-utility-l1-1-0.dll
Event: 0.374 Loaded shared library C:\Users\sebas\.openjfx\cache\13\ucrtbase.dll
Event: 0.378 Loaded shared library C:\Users\sebas\.openjfx\cache\13\vcruntime140.dll
Event: 0.386 Loaded shared library C:\Users\sebas\.openjfx\cache\13\msvcp140.dll
Event: 0.393 Loaded shared library C:\Users\sebas\.openjfx\cache\13\concrt140.dll
Event: 0.429 Loaded shared library C:\Users\sebas\.openjfx\cache\13\prism_d3d.dll
Event: 0.480 Loaded shared library C:\Users\sebas\.openjfx\cache\13\glass.dll
Event: 0.620 Loaded shared library C:\Program Files\Java\jdk-25\bin\jimage.dll
Event: 0.761 Loaded shared library C:\Users\sebas\.openjfx\cache\13\javafx_font.dll
Event: 12.154 Loaded shared library C:\Program Files\Java\jdk-25\bin\sunmscapi.dll

Deoptimization events (20 events):
Event: 22.943 Thread 0x0000017605332c60 DEOPT PACKING pc=0x000001766b5450bc sp=0x00000071dc2f91b0
Event: 22.943 Thread 0x0000017605332c60 DEOPT UNPACKING pc=0x000001766af1f002 sp=0x00000071dc2f90e8 mode 2
Event: 22.976 Thread 0x00000176051b32c0 DEOPT PACKING pc=0x0000017664130e10 sp=0x00000071dbefe830
Event: 22.976 Thread 0x00000176051b32c0 DEOPT UNPACKING pc=0x000001766ae412a2 sp=0x00000071dbefdd28 mode 0
Event: 23.750 Thread 0x0000017605332c60 DEOPT PACKING pc=0x0000017663fe3d35 sp=0x00000071dc2f6e80
Event: 23.750 Thread 0x0000017605332c60 DEOPT UNPACKING pc=0x000001766ae412a2 sp=0x00000071dc2f6308 mode 0
Event: 23.752 Thread 0x0000017605332c60 DEOPT PACKING pc=0x0000017663fe3d35 sp=0x00000071dc2f68a0
Event: 23.752 Thread 0x0000017605332c60 DEOPT UNPACKING pc=0x000001766ae412a2 sp=0x00000071dc2f5d28 mode 0
Event: 23.785 Thread 0x0000017605332c60 Uncommon trap: trap_request=0xffffff45 fr.pc=0x000001766b6469d0 relative=0x0000000000000050
Event: 23.785 Thread 0x0000017605332c60 Uncommon trap: reason=unstable_if action=reinterpret pc=0x000001766b6469d0 method=java.lang.CharacterDataLatin1.toUpperCase(I)I @ 17 c2
Event: 23.785 Thread 0x0000017605332c60 DEOPT PACKING pc=0x000001766b6469d0 sp=0x00000071dc2f7b00
Event: 23.785 Thread 0x0000017605332c60 DEOPT UNPACKING pc=0x000001766af1f002 sp=0x00000071dc2f7a80 mode 2
Event: 23.930 Thread 0x0000017605332c60 Uncommon trap: trap_request=0xffffff45 fr.pc=0x000001766b71ed74 relative=0x0000000000000074
Event: 23.930 Thread 0x0000017605332c60 Uncommon trap: reason=unstable_if action=reinterpret pc=0x000001766b71ed74 method=com.sun.org.apache.xerces.internal.impl.XMLEntityScanner.checkBeforeLoad(Lcom/sun/xml/internal/stream/Entity$ScannedEntity;II)I @ 18 c2
Event: 23.930 Thread 0x0000017605332c60 DEOPT PACKING pc=0x000001766b71ed74 sp=0x00000071dc2f78b0
Event: 23.930 Thread 0x0000017605332c60 DEOPT UNPACKING pc=0x000001766af1f002 sp=0x00000071dc2f7820 mode 2
Event: 23.992 Thread 0x0000017605332c60 Uncommon trap: trap_request=0xffffff45 fr.pc=0x000001766b71870c relative=0x000000000000080c
Event: 23.992 Thread 0x0000017605332c60 Uncommon trap: reason=unstable_if action=reinterpret pc=0x000001766b71870c method=javafx.scene.Parent.getOrderedChildren()Ljava/util/List; @ 7 c2
Event: 23.992 Thread 0x0000017605332c60 DEOPT PACKING pc=0x000001766b71870c sp=0x00000071dc2f6900
Event: 23.992 Thread 0x0000017605332c60 DEOPT UNPACKING pc=0x000001766af1f002 sp=0x00000071dc2f6650 mode 2

Classes loaded (20 events):
Event: 17.832 Loading class java/util/stream/ReferencePipeline$15$1
Event: 17.832 Loading class java/util/stream/ReferencePipeline$15$1 done
Event: 17.832 Loading class java/util/stream/ReduceOps$5
Event: 17.832 Loading class java/util/stream/ReduceOps$5 done
Event: 17.834 Loading class java/util/stream/ReduceOps$CountingSink$OfRef
Event: 17.834 Loading class java/util/stream/ReduceOps$CountingSink
Event: 17.834 Loading class java/util/stream/ReduceOps$CountingSink done
Event: 17.834 Loading class java/util/stream/ReduceOps$CountingSink$OfRef done
Event: 23.813 Loading class java/io/Console
Event: 23.813 Loading class java/io/Console done
Event: 23.813 Loading class java/lang/SecurityManager
Event: 23.813 Loading class java/lang/SecurityManager done
Event: 23.815 Loading class sun/text/resources/cldr/FormatData_en
Event: 23.816 Loading class sun/text/resources/cldr/FormatData_en done
Event: 23.816 Loading class sun/text/resources/cldr/FormatData_en_US
Event: 23.816 Loading class sun/text/resources/cldr/FormatData_en_US done
Event: 23.922 Loading class java/lang/RowConstraints
Event: 23.922 Loading class java/lang/RowConstraints done
Event: 110.880 Loading class jdk/internal/misc/Signal$1
Event: 110.881 Loading class jdk/internal/misc/Signal$1 done

Classes unloaded (0 events):
No events

Classes redefined (0 events):
No events

Internal exceptions (20 events):
Event: 17.041 Thread 0x000001761cf14ce0 Exception <a 'java/io/FileNotFoundException'{0x000000070eb8c158}> (0x000000070eb8c158) 
thrown [s\open\src\hotspot\share\prims\jni.cpp, line 516]
Event: 17.041 Thread 0x000001761cf16450 Exception <a 'java/io/FileNotFoundException'{0x000000070eb61888}> (0x000000070eb61888) 
thrown [s\open\src\hotspot\share\prims\jni.cpp, line 516]
Event: 17.041 Thread 0x000001761cf10690 Exception <a 'java/io/FileNotFoundException'{0x000000070eb7b7b8}> (0x000000070eb7b7b8) 
thrown [s\open\src\hotspot\share\prims\jni.cpp, line 516]
Event: 17.041 Thread 0x000001761cf16c20 Exception <a 'java/io/FileNotFoundException'{0x000000070eba12f0}> (0x000000070eba12f0) 
thrown [s\open\src\hotspot\share\prims\jni.cpp, line 516]
Event: 17.179 Thread 0x0000017605332c60 Exception <a 'java/io/FileNotFoundException'{0x000000071b3b4228}> (0x000000071b3b4228) 
thrown [s\open\src\hotspot\share\prims\jni.cpp, line 516]
Event: 17.179 Thread 0x0000017605332c60 Exception <a 'java/io/FileNotFoundException'{0x000000071b3b5e28}> (0x000000071b3b5e28) 
thrown [s\open\src\hotspot\share\prims\jni.cpp, line 516]
Event: 17.179 Thread 0x0000017605332c60 Exception <a 'java/io/FileNotFoundException'{0x000000071b3b7a40}> (0x000000071b3b7a40) 
thrown [s\open\src\hotspot\share\prims\jni.cpp, line 516]
Event: 17.179 Thread 0x0000017605332c60 Exception <a 'java/io/FileNotFoundException'{0x000000071b3b9640}> (0x000000071b3b9640) 
thrown [s\open\src\hotspot\share\prims\jni.cpp, line 516]
Event: 17.277 Thread 0x000001761cf10690 Exception <a 'java/io/FileNotFoundException'{0x0000000717588268}> (0x0000000717588268) 
thrown [s\open\src\hotspot\share\prims\jni.cpp, line 516]
Event: 17.278 Thread 0x000001761cf10690 Exception <a 'java/io/FileNotFoundException'{0x0000000717588980}> (0x0000000717588980) 
thrown [s\open\src\hotspot\share\prims\jni.cpp, line 516]
Event: 17.280 Thread 0x000001761cf10690 Exception <a 'java/io/FileNotFoundException'{0x0000000717589488}> (0x0000000717589488) 
thrown [s\open\src\hotspot\share\prims\jni.cpp, line 516]
Event: 17.281 Thread 0x000001761cf10690 Exception <a 'java/io/FileNotFoundException'{0x0000000717589ba0}> (0x0000000717589ba0) 
thrown [s\open\src\hotspot\share\prims\jni.cpp, line 516]
Event: 17.831 Thread 0x0000017605332c60 Exception <a 'java/lang/NoSuchMethodError'{0x000000071720d498}: 'int java.lang.invoke.DirectMethodHandle$Holder.invokeVirtual(java.lang.Object, java.lang.Object)'> (0x000000071720d498) 
thrown [s\open\src\hotspot\share\interpreter\linkResolver.cpp, line 804]
Event: 17.832 Thread 0x0000017605332c60 Exception <a 'java/lang/NoSuchMethodError'{0x000000071721d360}: 'void java.lang.invoke.DirectMethodHandle$Holder.invokeVirtual(java.lang.Object, java.lang.Object, int)'> (0x000000071721d360) 
thrown [s\open\src\hotspot\share\interpreter\linkResolver.cpp, line 804]
Event: 19.981 Thread 0x0000017605332c60 Exception <a 'java/lang/NoSuchMethodError'{0x0000000717060938}: 'java.lang.Object java.lang.invoke.DirectMethodHandle$Holder.newInvokeSpecial(java.lang.Object, java.lang.Object, int, int, int, int, int, java.lang.Object)'> (0x0000000717060938) 
thrown [s\open\src\hotspot\share\interpreter\linkResolver.cpp, line 804]
Event: 19.983 Thread 0x0000017605332c60 Exception <a 'java/lang/NoSuchMethodError'{0x00000007170857c8}: 'java.lang.Object java.lang.invoke.DirectMethodHandle$Holder.newInvokeSpecial(java.lang.Object, java.lang.Object, java.lang.Object, int, int, int, int, int)'> (0x00000007170857c8) 
thrown [s\open\src\hotspot\share\interpreter\linkResolver.cpp, line 804]
Event: 19.983 Thread 0x0000017605332c60 Exception <a 'java/lang/NoSuchMethodError'{0x00000007170d61d0}: 'java.lang.Object java.lang.invoke.Invokers$Holder.linkToTargetMethod(java.lang.Object, java.lang.Object, int, int, int, int, int, java.lang.Object)'> (0x00000007170d61d0) 
thrown [s\open\src\hotspot\share\interpreter\linkResolver.cpp, line 804]
Event: 23.875 Thread 0x0000017605332c60 Exception <a 'java/io/IOException'{0x000000070fe45ca0}> (0x000000070fe45ca0) 
thrown [s\open\src\hotspot\share\prims\jni.cpp, line 516]
Event: 23.967 Thread 0x0000017605332c60 Exception <a 'java/lang/NoSuchMethodError'{0x000000070fbc3798}: 'double java.lang.invoke.DirectMethodHandle$Holder.invokeVirtual(java.lang.Object, java.lang.Object)'> (0x000000070fbc3798) 
thrown [s\open\src\hotspot\share\interpreter\linkResolver.cpp, line 804]
Event: 23.967 Thread 0x0000017605332c60 Exception <a 'java/lang/NoSuchMethodError'{0x000000070fbcce40}: 'double java.lang.invoke.DelegatingMethodHandle$Holder.reinvoke_L(java.lang.Object, java.lang.Object)'> (0x000000070fbcce40) 
thrown [s\open\src\hotspot\share\interpreter\linkResolver.cpp, line 804]

VM Operations (20 events):
Event: 17.042 Executing non-safepoint VM operation: HandshakeAllThreads (Deoptimize) done
Event: 17.126 Executing safepoint VM operation: G1CollectForAllocation (G1 Evacuation Pause)
Event: 17.140 Executing safepoint VM operation: G1CollectForAllocation (G1 Evacuation Pause) done
Event: 17.176 Executing non-safepoint VM operation: HandshakeAllThreads (Deoptimize)
Event: 17.176 Executing non-safepoint VM operation: HandshakeAllThreads (Deoptimize) done
Event: 17.833 Executing non-safepoint VM operation: HandshakeAllThreads (Deoptimize)
Event: 17.833 Executing non-safepoint VM operation: HandshakeAllThreads (Deoptimize) done
Event: 17.836 Executing non-safepoint VM operation: HandshakeAllThreads (Deoptimize)
Event: 17.836 Executing non-safepoint VM operation: HandshakeAllThreads (Deoptimize) done
Event: 23.797 Executing non-safepoint VM operation: HandshakeAllThreads (Deoptimize)
Event: 23.797 Executing non-safepoint VM operation: HandshakeAllThreads (Deoptimize) done
Event: 23.815 Executing non-safepoint VM operation: HandshakeAllThreads (Deoptimize)
Event: 23.815 Executing non-safepoint VM operation: HandshakeAllThreads (Deoptimize) done
Event: 23.818 Executing non-safepoint VM operation: HandshakeAllThreads (Deoptimize)
Event: 23.818 Executing non-safepoint VM operation: HandshakeAllThreads (Deoptimize) done
Event: 60.229 Executing non-safepoint VM operation: HandshakeAllThreads (HandshakeForDeflation)
Event: 60.229 Executing non-safepoint VM operation: HandshakeAllThreads (HandshakeForDeflation) done
Event: 60.229 Executing non-safepoint VM operation: RendezvousGCThreads
Event: 60.229 Executing non-safepoint VM operation: RendezvousGCThreads done
Event: 110.885 Executing safepoint VM operation: Exit

Memory protections (0 events):
No events

Nmethod flushes (0 events):
No events

Events (20 events):
Event: 22.942 Thread 0x000001767a9a0e40 Thread added: 0x0000017604685530
Event: 23.741 Thread 0x0000017604685530 Thread exited: 0x0000017604685530
Event: 23.741 Thread 0x00000176046814b0 Thread exited: 0x00000176046814b0
Event: 23.743 Thread 0x0000017604684d20 Thread exited: 0x0000017604684d20
Event: 23.745 Thread 0x0000017604680ca0 Thread exited: 0x0000017604680ca0
Event: 23.746 Thread 0x000001767a9a0e40 Thread added: 0x0000017604680ca0
Event: 23.750 Thread 0x000001767a9a0e40 Thread added: 0x0000017604682ce0
Event: 23.956 Thread 0x0000017604680ca0 Thread added: 0x0000017604684d20
Event: 23.956 Thread 0x0000017604680ca0 Thread added: 0x00000176046814b0
Event: 24.468 Thread 0x0000017604682ce0 Thread exited: 0x0000017604682ce0
Event: 29.483 Thread 0x00000176046814b0 Thread exited: 0x00000176046814b0
Event: 34.494 Thread 0x0000017604684d20 Thread exited: 0x0000017604684d20
Event: 34.494 Thread 0x0000017604680ca0 Thread exited: 0x0000017604680ca0
Event: 110.881 Thread 0x000001767a970eb0 Thread added: 0x000001761ca688a0
Event: 110.882 Thread 0x000001761ca688a0 Thread added: 0x000001761ca6a7e0
Event: 110.882 Thread 0x000001761ca688a0 Thread added: 0x000001761ca6b780
Event: 110.883 Thread 0x000001761ca6b780 Thread exited: 0x000001761ca6b780
Event: 110.884 Thread 0x000001761ca6a7e0 Thread exited: 0x000001761ca6a7e0
Event: 110.884 Thread 0x000001761ca688a0 Before exit entered
Event: 110.885 Thread 0x000001767a970eb0 Thread exited: 0x000001767a970eb0


Dynamic libraries:
0x00007ff7247e0000 - 0x00007ff7247f0000 	C:\Program Files\Java\jdk-25\bin\java.exe
0x00007fff78de0000 - 0x00007fff79047000 	C:\Windows\SYSTEM32\ntdll.dll
0x00007fff784e0000 - 0x00007fff785a9000 	C:\Windows\System32\KERNEL32.DLL
0x00007fff76320000 - 0x00007fff76717000 	C:\Windows\System32\KERNELBASE.dll
0x00007fff76110000 - 0x00007fff7625b000 	C:\Windows\System32\ucrtbase.dll
0x00007fff65510000 - 0x00007fff65527000 	C:\Program Files\Java\jdk-25\bin\jli.dll
0x00007fff654f0000 - 0x00007fff6550e000 	C:\Program Files\Java\jdk-25\bin\VCRUNTIME140.dll
0x00007fff76e10000 - 0x00007fff76fd6000 	C:\Windows\System32\USER32.dll
0x00007fff76950000 - 0x00007fff76977000 	C:\Windows\System32\win32u.dll
0x00007fff608d0000 - 0x00007fff60b62000 	C:\Windows\WinSxS\amd64_microsoft.windows.common-controls_6595b64144ccf1df_6.0.26100.8457_none_3e0b2faee331e92d\COMCTL32.dll
0x00007fff76d60000 - 0x00007fff76d8b000 	C:\Windows\System32\GDI32.dll
0x00007fff78430000 - 0x00007fff784d9000 	C:\Windows\System32\msvcrt.dll
0x00007fff76980000 - 0x00007fff76aac000 	C:\Windows\System32\gdi32full.dll
0x00007fff768a0000 - 0x00007fff76943000 	C:\Windows\System32\msvcp_win.dll
0x00007fff78300000 - 0x00007fff78332000 	C:\Windows\System32\IMM32.DLL
0x00007fff72ed0000 - 0x00007fff72edc000 	C:\Program Files\Java\jdk-25\bin\vcruntime140_1.dll
0x00007fff54d90000 - 0x00007fff54e1d000 	C:\Program Files\Java\jdk-25\bin\msvcp140.dll
0x00007ffee9ad0000 - 0x00007ffeea92f000 	C:\Program Files\Java\jdk-25\bin\server\jvm.dll
0x00007fff78690000 - 0x00007fff78746000 	C:\Windows\System32\ADVAPI32.dll
0x00007fff77a40000 - 0x00007fff77ae7000 	C:\Windows\System32\sechost.dll
0x00007fff78c80000 - 0x00007fff78d98000 	C:\Windows\System32\RPCRT4.dll
0x00007fff78600000 - 0x00007fff78680000 	C:\Windows\System32\WS2_32.dll
0x00007fff75670000 - 0x00007fff756ce000 	C:\Windows\SYSTEM32\POWRPROF.dll
0x00007fff6e570000 - 0x00007fff6e57b000 	C:\Windows\SYSTEM32\VERSION.dll
0x00007fff6afb0000 - 0x00007fff6afe6000 	C:\Windows\SYSTEM32\WINMM.dll
0x00007fff75650000 - 0x00007fff75664000 	C:\Windows\SYSTEM32\UMPDC.dll
0x00007fff745a0000 - 0x00007fff745bb000 	C:\Windows\SYSTEM32\kernel.appcore.dll
0x00007fff5d7f0000 - 0x00007fff5d7fa000 	C:\Program Files\Java\jdk-25\bin\jimage.dll
0x00007fff69500000 - 0x00007fff69742000 	C:\Windows\SYSTEM32\DBGHELP.DLL
0x00007fff78750000 - 0x00007fff78ad3000 	C:\Windows\System32\combase.dll
0x00007fff77960000 - 0x00007fff77a39000 	C:\Windows\System32\OLEAUT32.dll
0x00007fff61ba0000 - 0x00007fff61bdb000 	C:\Windows\SYSTEM32\dbgcore.DLL
0x00007fff76ab0000 - 0x00007fff76b58000 	C:\Windows\System32\bcryptPrimitives.dll
0x00007fff54d60000 - 0x00007fff54d70000 	C:\Program Files\Java\jdk-25\bin\instrument.dll
0x00007fff55b00000 - 0x00007fff55b1f000 	C:\Program Files\Java\jdk-25\bin\java.dll
0x00007fff78ae0000 - 0x00007fff78c77000 	C:\Windows\System32\ole32.dll
0x00007fff77af0000 - 0x00007fff7825e000 	C:\Windows\System32\SHELL32.dll
0x00007fff758a0000 - 0x00007fff7610c000 	C:\Windows\System32\windows.storage.dll
0x00007fff76c60000 - 0x00007fff76d56000 	C:\Windows\System32\SHCORE.dll
0x00007fff76bf0000 - 0x00007fff76c56000 	C:\Windows\System32\shlwapi.dll
0x00007fff75730000 - 0x00007fff75759000 	C:\Windows\SYSTEM32\profapi.dll
0x00007fff55ae0000 - 0x00007fff55af2000 	C:\Program Files\Java\jdk-25\bin\net.dll
0x00007fff74b10000 - 0x00007fff74b7c000 	C:\Windows\system32\mswsock.dll
0x00007fff54d70000 - 0x00007fff54d86000 	C:\Program Files\Java\jdk-25\bin\nio.dll
0x00007fff54ce0000 - 0x00007fff54cf7000 	C:\Program Files\Java\jdk-25\bin\zip.dll
0x0000017605be0000 - 0x0000017605be3000 	C:\Users\sebas\.openjfx\cache\13\api-ms-win-core-console-l1-1-0.dll
0x0000017605bf0000 - 0x0000017605bf3000 	C:\Users\sebas\.openjfx\cache\13\api-ms-win-core-datetime-l1-1-0.dll
0x0000017605c00000 - 0x0000017605c03000 	C:\Users\sebas\.openjfx\cache\13\api-ms-win-core-debug-l1-1-0.dll
0x0000017605c10000 - 0x0000017605c13000 	C:\Users\sebas\.openjfx\cache\13\api-ms-win-core-errorhandling-l1-1-0.dll
0x0000017605c20000 - 0x0000017605c24000 	C:\Users\sebas\.openjfx\cache\13\api-ms-win-core-file-l1-1-0.dll
0x0000017605c30000 - 0x0000017605c33000 	C:\Users\sebas\.openjfx\cache\13\api-ms-win-core-file-l1-2-0.dll
0x0000017605c40000 - 0x0000017605c43000 	C:\Users\sebas\.openjfx\cache\13\api-ms-win-core-file-l2-1-0.dll
0x0000017605c50000 - 0x0000017605c53000 	C:\Users\sebas\.openjfx\cache\13\api-ms-win-core-handle-l1-1-0.dll
0x0000017605c60000 - 0x0000017605c63000 	C:\Users\sebas\.openjfx\cache\13\api-ms-win-core-heap-l1-1-0.dll
0x0000017605c70000 - 0x0000017605c73000 	C:\Users\sebas\.openjfx\cache\13\api-ms-win-core-interlocked-l1-1-0.dll
0x0000017605c80000 - 0x0000017605c83000 	C:\Users\sebas\.openjfx\cache\13\api-ms-win-core-libraryloader-l1-1-0.dll
0x0000017605c90000 - 0x0000017605c93000 	C:\Users\sebas\.openjfx\cache\13\api-ms-win-core-localization-l1-2-0.dll
0x0000017605ca0000 - 0x0000017605ca3000 	C:\Users\sebas\.openjfx\cache\13\api-ms-win-core-memory-l1-1-0.dll
0x0000017605cb0000 - 0x0000017605cb3000 	C:\Users\sebas\.openjfx\cache\13\api-ms-win-core-namedpipe-l1-1-0.dll
0x0000017605cc0000 - 0x0000017605cc3000 	C:\Users\sebas\.openjfx\cache\13\api-ms-win-core-processenvironment-l1-1-0.dll
0x0000017605cd0000 - 0x0000017605cd3000 	C:\Users\sebas\.openjfx\cache\13\api-ms-win-core-processthreads-l1-1-0.dll
0x0000017605ce0000 - 0x0000017605ce3000 	C:\Users\sebas\.openjfx\cache\13\api-ms-win-core-processthreads-l1-1-1.dll
0x0000017605cf0000 - 0x0000017605cf3000 	C:\Users\sebas\.openjfx\cache\13\api-ms-win-core-profile-l1-1-0.dll
0x0000017605d00000 - 0x0000017605d03000 	C:\Users\sebas\.openjfx\cache\13\api-ms-win-core-rtlsupport-l1-1-0.dll
0x0000017605d10000 - 0x0000017605d13000 	C:\Users\sebas\.openjfx\cache\13\api-ms-win-core-string-l1-1-0.dll
0x0000017605d20000 - 0x0000017605d23000 	C:\Users\sebas\.openjfx\cache\13\api-ms-win-core-synch-l1-1-0.dll
0x0000017605d30000 - 0x0000017605d33000 	C:\Users\sebas\.openjfx\cache\13\api-ms-win-core-synch-l1-2-0.dll
0x0000017605d40000 - 0x0000017605d43000 	C:\Users\sebas\.openjfx\cache\13\api-ms-win-core-sysinfo-l1-1-0.dll
0x0000017605d50000 - 0x0000017605d53000 	C:\Users\sebas\.openjfx\cache\13\api-ms-win-core-timezone-l1-1-0.dll
0x0000017605d60000 - 0x0000017605d63000 	C:\Users\sebas\.openjfx\cache\13\api-ms-win-core-util-l1-1-0.dll
0x0000017605d70000 - 0x0000017605d73000 	C:\Users\sebas\.openjfx\cache\13\api-ms-win-crt-conio-l1-1-0.dll
0x0000017605d80000 - 0x0000017605d84000 	C:\Users\sebas\.openjfx\cache\13\api-ms-win-crt-convert-l1-1-0.dll
0x0000017605d90000 - 0x0000017605d93000 	C:\Users\sebas\.openjfx\cache\13\api-ms-win-crt-environment-l1-1-0.dll
0x0000017605da0000 - 0x0000017605da3000 	C:\Users\sebas\.openjfx\cache\13\api-ms-win-crt-filesystem-l1-1-0.dll
0x0000017605db0000 - 0x0000017605db3000 	C:\Users\sebas\.openjfx\cache\13\api-ms-win-crt-heap-l1-1-0.dll
0x0000017605dc0000 - 0x0000017605dc3000 	C:\Users\sebas\.openjfx\cache\13\api-ms-win-crt-locale-l1-1-0.dll
0x0000017605dd0000 - 0x0000017605dd5000 	C:\Users\sebas\.openjfx\cache\13\api-ms-win-crt-math-l1-1-0.dll
0x0000017605de0000 - 0x0000017605de5000 	C:\Users\sebas\.openjfx\cache\13\api-ms-win-crt-multibyte-l1-1-0.dll
0x0000017605df0000 - 0x0000017605e00000 	C:\Users\sebas\.openjfx\cache\13\api-ms-win-crt-private-l1-1-0.dll
0x0000017605e00000 - 0x0000017605e03000 	C:\Users\sebas\.openjfx\cache\13\api-ms-win-crt-process-l1-1-0.dll
0x0000017605e10000 - 0x0000017605e14000 	C:\Users\sebas\.openjfx\cache\13\api-ms-win-crt-runtime-l1-1-0.dll
0x0000017605e20000 - 0x0000017605e24000 	C:\Users\sebas\.openjfx\cache\13\api-ms-win-crt-stdio-l1-1-0.dll
0x0000017605e30000 - 0x0000017605e34000 	C:\Users\sebas\.openjfx\cache\13\api-ms-win-crt-string-l1-1-0.dll
0x0000017605e40000 - 0x0000017605e43000 	C:\Users\sebas\.openjfx\cache\13\api-ms-win-crt-time-l1-1-0.dll
0x0000017605e50000 - 0x0000017605e53000 	C:\Users\sebas\.openjfx\cache\13\api-ms-win-crt-utility-l1-1-0.dll
0x00007fff64d30000 - 0x00007fff64e2c000 	C:\Users\sebas\.openjfx\cache\13\ucrtbase.dll
0x00007fff64f30000 - 0x00007fff64f45000 	C:\Users\sebas\.openjfx\cache\13\vcruntime140.dll
0x00007fff54880000 - 0x00007fff5491b000 	C:\Users\sebas\.openjfx\cache\13\msvcp140.dll
0x00007fff55e90000 - 0x00007fff55ee1000 	C:\Users\sebas\.openjfx\cache\13\concrt140.dll
0x00007fff64d00000 - 0x00007fff64d23000 	C:\Users\sebas\.openjfx\cache\13\prism_d3d.dll
0x00007fff34070000 - 0x00007fff34223000 	C:\Windows\system32\d3d9.dll
0x00007fff734f0000 - 0x00007fff7351f000 	C:\Windows\SYSTEM32\dwmapi.dll
0x00007fff73560000 - 0x00007fff735a5000 	C:\Windows\SYSTEM32\dxcore.dll
0x00007fff73270000 - 0x00007fff7331a000 	C:\Windows\system32\uxtheme.dll
0x00007fff641d0000 - 0x00007fff641f0000 	C:\Windows\System32\DriverStore\FileRepository\u0420858.inf_amd64_8c9c6d5a7e6e853d\B420649\atidx9loader64.dll
0x00007ffeddec0000 - 0x00007ffee0888000 	C:\Windows\System32\DriverStore\FileRepository\u0420858.inf_amd64_8c9c6d5a7e6e853d\B420649\AMDXN64.DLL
0x00007fff76fe0000 - 0x00007fff77467000 	C:\Windows\System32\SETUPAPI.dll
0x00007fff73380000 - 0x00007fff734be000 	C:\Windows\SYSTEM32\dxgi.dll
0x00007fff75700000 - 0x00007fff7572a000 	C:\Windows\SYSTEM32\BCrypt.dll
0x00007fff6ae50000 - 0x00007fff6ae8c000 	C:\Windows\System32\DriverStore\FileRepository\u0420858.inf_amd64_8c9c6d5a7e6e853d\B420649\amdihk64.dll
0x00007fff70060000 - 0x00007fff700c1000 	C:\Windows\SYSTEM32\directxdatabasehelper.dll
0x00007fff54830000 - 0x00007fff54875000 	C:\Users\sebas\.openjfx\cache\13\glass.dll
0x00007fff77700000 - 0x00007fff777f0000 	C:\Windows\System32\COMDLG32.dll
0x00007fff77800000 - 0x00007fff7795c000 	C:\Windows\System32\MSCTF.dll
0x00007fff55f30000 - 0x00007fff55f44000 	C:\Users\sebas\.openjfx\cache\13\javafx_font.dll
0x00007fff71be0000 - 0x00007fff71e47000 	C:\Windows\SYSTEM32\dwrite.dll
0x00007fff78370000 - 0x00007fff7841e000 	C:\Windows\System32\clbcatq.dll
0x00007fff70ec0000 - 0x00007fff710ed000 	C:\Windows\SYSTEM32\WindowsCodecs.dll
0x00007fff490b0000 - 0x00007fff4910a000 	C:\Windows\system32\dataexchange.dll
0x00007fff6a9c0000 - 0x00007fff6ac0e000 	C:\Windows\system32\twinapi.appcore.dll
0x00007fff54a40000 - 0x00007fff54a6c000 	C:\Program Files\Common Files\Microsoft Shared\Ink\rtscom.dll
0x00007fff46e20000 - 0x00007fff46f66000 	C:\Windows\SYSTEM32\textinputframework.dll
0x00007fff728a0000 - 0x00007fff729c7000 	C:\Windows\SYSTEM32\CoreMessaging.dll
0x00007fff6ead0000 - 0x00007fff6edb2000 	C:\Windows\SYSTEM32\CoreUIComponents.dll
0x00007fff6edc0000 - 0x00007fff6ef2a000 	C:\Windows\SYSTEM32\wintypes.dll
0x00007fff74e10000 - 0x00007fff74e1c000 	C:\Windows\SYSTEM32\CRYPTBASE.DLL
0x00007fff74080000 - 0x00007fff741b2000 	C:\Windows\SYSTEM32\DNSAPI.dll
0x00007fff74040000 - 0x00007fff74072000 	C:\Windows\SYSTEM32\IPHLPAPI.DLL
0x00007fff77470000 - 0x00007fff7747a000 	C:\Windows\System32\NSI.dll
0x00007fff6eac0000 - 0x00007fff6eacb000 	C:\Windows\System32\rasadhlp.dll
0x00007fff707c0000 - 0x00007fff70846000 	C:\Windows\System32\fwpuclnt.dll
0x00007fff74df0000 - 0x00007fff74e0b000 	C:\Windows\SYSTEM32\CRYPTSP.dll
0x00007fff74500000 - 0x00007fff74539000 	C:\Windows\system32\rsaenh.dll
0x00007fff74bc0000 - 0x00007fff74bf3000 	C:\Windows\SYSTEM32\USERENV.dll
0x00007fff54b20000 - 0x00007fff54b2e000 	C:\Program Files\Java\jdk-25\bin\sunmscapi.dll
0x00007fff76720000 - 0x00007fff76898000 	C:\Windows\System32\CRYPT32.dll
0x00007fff75010000 - 0x00007fff75040000 	C:\Windows\SYSTEM32\ncrypt.dll
0x00007fff74fc0000 - 0x00007fff74fff000 	C:\Windows\SYSTEM32\NTASN1.dll

JVMTI agents:
C:\Program Files\JetBrains\IntelliJ IDEA 2025.3\lib\idea_rt.jar path:C:\Program Files\Java\jdk-25\bin\instrument.dll, loaded, initialized, instrumentlib options:63177

dbghelp: loaded successfully - version: 4.0.5 - missing functions: none
symbol engine: initialized successfully - sym options: 0x614 - pdb path: .;C:\Program Files\Java\jdk-25\bin;C:\Windows\SYSTEM32;C:\Windows\WinSxS\amd64_microsoft.windows.common-controls_6595b64144ccf1df_6.0.26100.8457_none_3e0b2faee331e92d;C:\Program Files\Java\jdk-25\bin\server;C:\Users\sebas\.openjfx\cache\13;C:\Windows\System32\DriverStore\FileRepository\u0420858.inf_amd64_8c9c6d5a7e6e853d\B420649;C:\Program Files\Common Files\Microsoft Shared\Ink

VM Arguments:
jvm_args: -javaagent:C:\Program Files\JetBrains\IntelliJ IDEA 2025.3\lib\idea_rt.jar=63177 -Dfile.encoding=UTF-8 -Dsun.stdout.encoding=UTF-8 -Dsun.stderr.encoding=UTF-8 --module-path=C:\Users\sebas\.m2\repository\org\kordamp\ikonli\ikonli-core\12.4.0\ikonli-core-12.4.0.jar;C:\Users\sebas\.m2\repository\org\openjfx\javafx-controls\13\javafx-controls-13-win.jar;C:\Users\sebas\.m2\repository\com\opencsv\opencsv\5.9\opencsv-5.9.jar;C:\Users\sebas\.m2\repository\com\itextpdf\layout\8.0.5\layout-8.0.5.jar;C:\Users\sebas\.m2\repository\com\itextpdf\io\8.0.5\io-8.0.5.jar;C:\Users\sebas\.m2\repository\org\kordamp\ikonli\ikonli-fontawesome5-pack\12.4.0\ikonli-fontawesome5-pack-12.4.0.jar;C:\Users\sebas\.m2\repository\com\itextpdf\kernel\8.0.5\kernel-8.0.5.jar;C:\Users\sebas\Documents\4to semestre\Programación de aplicaciones de escritorio\sistemapizzeria\target\classes;C:\Users\sebas\.m2\repository\org\openjfx\javafx-base\13\javafx-base-13-win.jar;C:\Users\sebas\.m2\repository\org\openjfx\javafx-graphics\13\javafx-graphics-13-win.jar;C:\Users\sebas\.m2\repository\org\openjfx\javafx-fxml\13\javafx-fxml-13-win.jar;C:\Users\sebas\.m2\repository\org\kordamp\ikonli\ikonli-javafx\12.4.0\ikonli-javafx-12.4.0.jar -Djdk.module.main=mx.uv.sistemapizzeria 
java_command: mx.uv.sistemapizzeria/mx.uv.sistemapizzeria.SistemaPizzeria
java_class_path (initial): C:\Users\sebas\.m2\repository\org\openjfx\javafx-controls\13\javafx-controls-13.jar;C:\Users\sebas\.m2\repository\org\openjfx\javafx-graphics\13\javafx-graphics-13.jar;C:\Users\sebas\.m2\repository\org\openjfx\javafx-base\13\javafx-base-13.jar;C:\Users\sebas\.m2\repository\org\openjfx\javafx-fxml\13\javafx-fxml-13.jar;C:\Users\sebas\.m2\repository\com\mysql\mysql-connector-j\8.3.0\mysql-connector-j-8.3.0.jar;C:\Users\sebas\.m2\repository\com\google\protobuf\protobuf-java\3.25.1\protobuf-java-3.25.1.jar;C:\Users\sebas\.m2\repository\org\apache\commons\commons-lang3\3.13.0\commons-lang3-3.13.0.jar;C:\Users\sebas\.m2\repository\org\apache\commons\commons-text\1.11.0\commons-text-1.11.0.jar;C:\Users\sebas\.m2\repository\commons-beanutils\commons-beanutils\1.9.4\commons-beanutils-1.9.4.jar;C:\Users\sebas\.m2\repository\commons-logging\commons-logging\1.2\commons-logging-1.2.jar;C:\Users\sebas\.m2\repository\commons-collections\commons-collections\3.2.2\commons-collections-3.2.2.jar;C:\Users\sebas\.m2\repository\org\apache\commons\commons-collections4\4.4\commons-collections4-4.4.jar;C:\Users\sebas\.m2\repository\com\itextpdf\commons\8.0.5\commons-8.0.5.jar;C:\Users\sebas\.m2\repository\com\itextpdf\bouncy-castle-connector\8.0.5\bouncy-castle-connector-8.0.5.jar;C:\Users\sebas\.m2\repository\org\slf4j\slf4j-api\1.7.36\slf4j-api-1.7.36.jar
Launcher Type: SUN_STANDARD

[Global flags]
     intx CICompilerCount                          = 12                                        {product} {ergonomic}
     uint ConcGCThreads                            = 3                                         {product} {ergonomic}
     uint G1ConcRefinementThreads                  = 13                                        {product} {ergonomic}
   size_t G1HeapRegionSize                         = 2097152                                   {product} {ergonomic}
   size_t InitialHeapSize                          = 257949696                                 {product} {ergonomic}
   size_t MarkStackSize                            = 4194304                                   {product} {ergonomic}
   size_t MarkStackSizeMax                         = 536870912                                 {product} {ergonomic}
   size_t MaxHeapSize                              = 4095737856                                {product} {ergonomic}
   size_t MaxNewSize                               = 2455764992                                {product} {ergonomic}
   size_t MinHeapDeltaBytes                        = 2097152                                   {product} {ergonomic}
   size_t MinHeapSize                              = 8388608                                   {product} {ergonomic}
    uintx NonNMethodCodeHeapSize                   = 7602176                                {pd product} {ergonomic}
    uintx NonProfiledCodeHeapSize                  = 122093568                              {pd product} {ergonomic}
    uintx ProfiledCodeHeapSize                     = 121962496                              {pd product} {ergonomic}
    uintx ReservedCodeCacheSize                    = 251658240                              {pd product} {ergonomic}
     bool SegmentedCodeCache                       = true                                      {product} {ergonomic}
   size_t SoftMaxHeapSize                          = 4095737856                             {manageable} {ergonomic}
     bool UseCompressedOops                        = true                           {product lp64_product} {ergonomic}
     bool UseG1GC                                  = true                                      {product} {ergonomic}
     bool UseLargePagesIndividualAllocation        = false                                  {pd product} {ergonomic}

Logging:
Log output configuration:
 #0: stdout all=off uptime,level,tags foldmultilines=false
 #1: stderr all=off uptime,level,tags foldmultilines=false

Release file:
IMPLEMENTOR="Oracle Corporation" 
JAVA_RUNTIME_VERSION="25.0.1+8-LTS-27" 
JAVA_VERSION="25.0.1" 
JAVA_VERSION_DATE="2025-10-21" 
LIBC="default" 
MODULES="java.base java.compiler java.datatransfer java.xml java.prefs java.desktop java.instrument java.logging java.management java.security.sasl java.naming java.rmi java.management.rmi java.net.http java.scripting java.security.jgss java.transaction.xa java.sql java.sql.rowset java.xml.crypto java.se java.smartcardio jdk.accessibility jdk.internal.jvmstat jdk.attach jdk.charsets jdk.internal.opt jdk.zipfs jdk.compiler jdk.crypto.cryptoki jdk.crypto.ec jdk.crypto.mscapi jdk.dynalink jdk.internal.ed jdk.editpad jdk.internal.vm.ci jdk.graal.compiler jdk.graal.compiler.management jdk.hotspot.agent jdk.httpserver jdk.incubator.vector jdk.internal.le jdk.internal.md jdk.jartool jdk.javadoc jdk.jcmd jdk.management jdk.management.agent jdk.jconsole jdk.jdeps jdk.jdwp.agent jdk.jdi jdk.jfr jdk.jlink jdk.jpackage jdk.jshell jdk.jsobject jdk.jstatd jdk.localedata jdk.management.jfr jdk.naming.dns jdk.naming.rmi jdk.net jdk.nio.mapmode jdk.sctp jdk.security.auth jdk.security.jgss jdk.unsupported jdk.unsupported.desktop jdk.xml.dom" 
OS_ARCH="x86_64" 
OS_NAME="Windows" 
SOURCE=".:git:862c85bc42b7 open:git:78770bfaefd2" 

Environment Variables:
PATH=C:\Program Files\Common Files\Oracle\Java\javapath;C:\Program Files (x86)\Common Files\Oracle\Java\java8path;C:\Program Files (x86)\Common Files\Oracle\Java\javapath;C:\Windows\system32;C:\Windows;C:\Windows\System32\Wbem;C:\Windows\System32\WindowsPowerShell\v1.0\;C:\Windows\System32\OpenSSH\;C:\Program Files\MySQL\MySQL Server 8.0\bin;C:\Program Files\Git\cmd;C:\Program Files\nodejs\;C:\Program Files\MySQL\MySQL Shell 8.0\bin\;C:\Users\sebas\AppData\Local\Microsoft\WindowsApps;C:\Users\sebas\AppData\Local\Python\bin;C:\Users\sebas\AppData\Local\Programs\Microsoft VS Code\bin;C:\Users\sebas\AppData\Roaming\npm
USERNAME=sebas
OS=Windows_NT
PROCESSOR_IDENTIFIER=AMD64 Family 25 Model 117 Stepping 2, AuthenticAMD
TMP=C:\Users\sebas\AppData\Local\Temp
TEMP=C:\Users\sebas\AppData\Local\Temp




Compilation memory statistics disabled.

Periodic native trim disabled

---------------  S Y S T E M  ---------------

OS:
 Windows 11 , 64 bit Build 26100 (10.0.26100.8328)
OS uptime: 0 days 10:57 hours
Hyper-V role detected

CPU: total 16 (initial active 16) (16 cores per cpu, 2 threads per core) family 25 model 117 stepping 2 microcode 0xa70520a, cx8, cmov, fxsr, ht, mmx, 3dnowpref, sse, sse2, sse3, ssse3, sse4a, sse4.1, sse4.2, popcnt, lzcnt, tsc, tscinvbit, avx, avx2, aes, erms, clmul, bmi1, bmi2, adx, avx512f, avx512dq, avx512cd, avx512bw, avx512vl, sha, fma, vzeroupper, avx512_vpopcntdq, avx512_vpclmulqdq, avx512_vaes, avx512_vnni, clflush, clflushopt, clwb, avx512_vbmi2, avx512_vbmi, hv, rdtscp, rdpid, fsrm, gfni, avx512_bitalg, f16c, cet_ss, avx512_ifma
Processor Information for processor 0
  Max Mhz: 4001, Current Mhz: 2470, Mhz Limit: 4001
Processor Information for processor 1
  Max Mhz: 4001, Current Mhz: 2470, Mhz Limit: 4001
Processor Information for processor 2
  Max Mhz: 4001, Current Mhz: 2470, Mhz Limit: 4001
Processor Information for processor 3
  Max Mhz: 4001, Current Mhz: 2470, Mhz Limit: 4001
Processor Information for processor 4
  Max Mhz: 4001, Current Mhz: 2470, Mhz Limit: 4001
Processor Information for processor 5
  Max Mhz: 4001, Current Mhz: 2470, Mhz Limit: 4001
Processor Information for processor 6
  Max Mhz: 4001, Current Mhz: 4001, Mhz Limit: 4001
Processor Information for processor 7
  Max Mhz: 4001, Current Mhz: 2470, Mhz Limit: 4001
Processor Information for processor 8
  Max Mhz: 4001, Current Mhz: 2470, Mhz Limit: 4001
Processor Information for processor 9
  Max Mhz: 4001, Current Mhz: 2470, Mhz Limit: 4001
Processor Information for processor 10
  Max Mhz: 4001, Current Mhz: 2470, Mhz Limit: 4001
Processor Information for processor 11
  Max Mhz: 4001, Current Mhz: 2470, Mhz Limit: 4001
Processor Information for processor 12
  Max Mhz: 4001, Current Mhz: 2470, Mhz Limit: 4001
Processor Information for processor 13
  Max Mhz: 4001, Current Mhz: 2470, Mhz Limit: 4001
Processor Information for processor 14
  Max Mhz: 4001, Current Mhz: 2470, Mhz Limit: 4001
Processor Information for processor 15
  Max Mhz: 4001, Current Mhz: 2470, Mhz Limit: 4001

Memory: 4k page, system-wide physical 15620M (2840M free)
TotalPageFile size 27908M (AvailPageFile size 9252M)
current process WorkingSet (physical memory assigned to process): 354M, peak: 388M
current process commit charge ("private bytes"): 431M, peak: 521M

vm_info: Java HotSpot(TM) 64-Bit Server VM (25.0.1+8-LTS-27) for windows-amd64 JRE (25.0.1+8-LTS-27), built on 2025-09-25T16:41:16Z with unknown MS VC++:1943

END.
